
Error [ERR_IPC_DISCONNECTED]: IPC channel is already disconnected
    at ChildProcess.target.disconnect (internal/child_process.js:858:26)
    at QueryProcessWrapper.destroy (C:\Users\Cristian\Documents\GitHub\pokemon-showdown-client\data\pokemon-showdown\.lib-dist\process-manager.js:178:16)
    at QueryProcessWrapper.release (C:\Users\Cristian\Documents\GitHub\pokemon-showdown-client\data\pokemon-showdown\.lib-dist\process-manager.js:164:9)
    at QueryProcessManager.releaseCrashed (C:\Users\Cristian\Documents\GitHub\pokemon-showdown-client\data\pokemon-showdown\.lib-dist\process-manager.js:421:16)
    at ChildProcess.<anonymous> (C:\Users\Cristian\Documents\GitHub\pokemon-showdown-client\data\pokemon-showdown\.lib-dist\process-manager.js:468:48)
    at ChildProcess.emit (events.js:315:20)
    at ChildProcess.EventEmitter.emit (domain.js:467:12)
    at finish (internal/child_process.js:888:14)
    at processTicksAndRejections (internal/process/task_queues.js:75:11)

Error: write EPIPE
    at ChildProcess.target._send (internal/child_process.js:832:20)
    at ChildProcess.target.send (internal/child_process.js:703:19)
    at Worker.send (internal/cluster/worker.js:46:10)
    at RawSubprocessStream._write (C:\Users\Cristian\Documents\GitHub\pokemon-showdown-client\data\pokemon-showdown\.lib-dist\process-manager.js:92:24)
    at RawSubprocessStream.write (C:\Users\Cristian\Documents\GitHub\pokemon-showdown-client\data\pokemon-showdown\.lib-dist\streams.js:836:15)
    at Object.roomBroadcast (C:\Users\Cristian\Documents\GitHub\pokemon-showdown-client\data\pokemon-showdown\.server-dist\sockets.js:109:23)
    at BasicRoom.send (C:\Users\Cristian\Documents\GitHub\pokemon-showdown-client\data\pokemon-showdown\.server-dist\rooms.js:324:31)
    at BasicRoom.update (C:\Users\Cristian\Documents\GitHub\pokemon-showdown-client\data\pokemon-showdown\.server-dist\rooms.js:417:8)
    at C:\Users\Cristian\Documents\GitHub\pokemon-showdown-client\data\pokemon-showdown\.server-dist\rooms.js:1:613
    at C:\Users\Cristian\Documents\GitHub\pokemon-showdown-client\data\pokemon-showdown\.server-dist\rooms.js:1634:175

Error: write EPIPE
    at ChildProcess.target._send (internal/child_process.js:832:20)
    at ChildProcess.target.send (internal/child_process.js:703:19)
    at Worker.send (internal/cluster/worker.js:46:10)
    at RawSubprocessStream._write (C:\Users\Cristian\Documents\GitHub\pokemon-showdown-client\data\pokemon-showdown\.lib-dist\process-manager.js:92:24)
    at RawSubprocessStream.write (C:\Users\Cristian\Documents\GitHub\pokemon-showdown-client\data\pokemon-showdown\.lib-dist\streams.js:836:15)
    at Object.roomBroadcast (C:\Users\Cristian\Documents\GitHub\pokemon-showdown-client\data\pokemon-showdown\.server-dist\sockets.js:109:23)
    at BasicRoom.send (C:\Users\Cristian\Documents\GitHub\pokemon-showdown-client\data\pokemon-showdown\.server-dist\rooms.js:324:31)
    at BasicRoom.update (C:\Users\Cristian\Documents\GitHub\pokemon-showdown-client\data\pokemon-showdown\.server-dist\rooms.js:417:8)
    at GlobalRoomState.startLockdown (C:\Users\Cristian\Documents\GitHub\pokemon-showdown-client\data\pokemon-showdown\.server-dist\rooms.js:1531:14)
    at _class.crashlog (C:\Users\Cristian\Documents\GitHub\pokemon-showdown-client\data\pokemon-showdown\.server-dist\monitor.js:93:17)

Error: write EPIPE
    at ChildProcess.target._send (internal/child_process.js:832:20)
    at ChildProcess.target.send (internal/child_process.js:703:19)
    at Worker.send (internal/cluster/worker.js:46:10)
    at RawSubprocessStream._write (C:\Users\Cristian\Documents\GitHub\pokemon-showdown-client\data\pokemon-showdown\.lib-dist\process-manager.js:92:24)
    at RawSubprocessStream.write (C:\Users\Cristian\Documents\GitHub\pokemon-showdown-client\data\pokemon-showdown\.lib-dist\streams.js:836:15)
    at Object.channelBroadcast (C:\Users\Cristian\Documents\GitHub\pokemon-showdown-client\data\pokemon-showdown\.server-dist\sockets.js:123:23)
    at GameRoom.update (C:\Users\Cristian\Documents\GitHub\pokemon-showdown-client\data\pokemon-showdown\.server-dist\rooms.js:1738:12)
    at GlobalRoomState.startLockdown (C:\Users\Cristian\Documents\GitHub\pokemon-showdown-client\data\pokemon-showdown\.server-dist\rooms.js:1533:184)
    at _class.crashlog (C:\Users\Cristian\Documents\GitHub\pokemon-showdown-client\data\pokemon-showdown\.server-dist\monitor.js:93:17)
    at process.<anonymous> (C:\Users\Cristian\Documents\GitHub\pokemon-showdown-client\data\pokemon-showdown\.server-dist\index.js:142:20)

Error: write EPIPE
    at ChildProcess.target._send (internal/child_process.js:832:20)
    at ChildProcess.target.send (internal/child_process.js:703:19)
    at Worker.send (internal/cluster/worker.js:46:10)
    at RawSubprocessStream._write (C:\Users\Cristian\Documents\GitHub\pokemon-showdown-client\data\pokemon-showdown\.lib-dist\process-manager.js:92:24)
    at RawSubprocessStream.write (C:\Users\Cristian\Documents\GitHub\pokemon-showdown-client\data\pokemon-showdown\.lib-dist\streams.js:836:15)
    at Object.channelBroadcast (C:\Users\Cristian\Documents\GitHub\pokemon-showdown-client\data\pokemon-showdown\.server-dist\sockets.js:123:23)
    at GameRoom.update (C:\Users\Cristian\Documents\GitHub\pokemon-showdown-client\data\pokemon-showdown\.server-dist\rooms.js:1738:12)
    at GlobalRoomState.startLockdown (C:\Users\Cristian\Documents\GitHub\pokemon-showdown-client\data\pokemon-showdown\.server-dist\rooms.js:1533:184)
    at _class.crashlog (C:\Users\Cristian\Documents\GitHub\pokemon-showdown-client\data\pokemon-showdown\.server-dist\monitor.js:93:17)
    at process.<anonymous> (C:\Users\Cristian\Documents\GitHub\pokemon-showdown-client\data\pokemon-showdown\.server-dist\index.js:142:20)

Error: write EPIPE
    at ChildProcess.target._send (internal/child_process.js:832:20)
    at ChildProcess.target.send (internal/child_process.js:703:19)
    at Worker.send (internal/cluster/worker.js:46:10)
    at RawSubprocessStream._write (C:\Users\Cristian\Documents\GitHub\pokemon-showdown-client\data\pokemon-showdown\.lib-dist\process-manager.js:92:24)
    at RawSubprocessStream.write (C:\Users\Cristian\Documents\GitHub\pokemon-showdown-client\data\pokemon-showdown\.lib-dist\streams.js:836:15)
    at Object.socketSend (C:\Users\Cristian\Documents\GitHub\pokemon-showdown-client\data\pokemon-showdown\.server-dist\sockets.js:100:22)
    at Connection.send (C:\Users\Cristian\Documents\GitHub\pokemon-showdown-client\data\pokemon-showdown\.server-dist\users.js:269:11)
    at User.send (C:\Users\Cristian\Documents\GitHub\pokemon-showdown-client\data\pokemon-showdown\.server-dist\users.js:492:15)
    at GlobalRoomState.startLockdown (C:\Users\Cristian\Documents\GitHub\pokemon-showdown-client\data\pokemon-showdown\.server-dist\rooms.js:1550:9)
    at _class.crashlog (C:\Users\Cristian\Documents\GitHub\pokemon-showdown-client\data\pokemon-showdown\.server-dist\monitor.js:93:17)

RangeError: Maximum call stack size exceeded
    at String.replace (<anonymous>)
    at toID (C:\Users\Cristian\Documents\GitHub\pokemon-showdown-client\data\pokemon-showdown\.sim-dist\dex-data.js:33:35)
    at ModdedDex.getMove (C:\Users\Cristian\Documents\GitHub\pokemon-showdown-client\data\pokemon-showdown\.sim-dist\dex.js:466:25)
    at ModdedDex.getMove (C:\Users\Cristian\Documents\GitHub\pokemon-showdown-client\data\pokemon-showdown\.sim-dist\dex.js:470:16)
    at ModdedDex.getMove (C:\Users\Cristian\Documents\GitHub\pokemon-showdown-client\data\pokemon-showdown\.sim-dist\dex.js:470:16)
    at ModdedDex.getMove (C:\Users\Cristian\Documents\GitHub\pokemon-showdown-client\data\pokemon-showdown\.sim-dist\dex.js:470:16)
    at ModdedDex.getMove (C:\Users\Cristian\Documents\GitHub\pokemon-showdown-client\data\pokemon-showdown\.sim-dist\dex.js:470:16)
    at ModdedDex.getMove (C:\Users\Cristian\Documents\GitHub\pokemon-showdown-client\data\pokemon-showdown\.sim-dist\dex.js:470:16)
    at ModdedDex.getMove (C:\Users\Cristian\Documents\GitHub\pokemon-showdown-client\data\pokemon-showdown\.sim-dist\dex.js:470:16)
    at ModdedDex.getMove (C:\Users\Cristian\Documents\GitHub\pokemon-showdown-client\data\pokemon-showdown\.sim-dist\dex.js:470:16)

Additional information:
  user = Muhframos
  room = battle-gen8adventuresdexag-23
  pmTarget = undefined
  message = !data palossand mega


TypeError: Cannot read property 'id' of undefined
    at Pokemon.setAbility (C:\Users\Cristian\Documents\GitHub\pokemon-showdown-client\data\pokemon-showdown\.sim-dist\pokemon.js:1679:26)
    at Pokemon.formeChange (C:\Users\Cristian\Documents\GitHub\pokemon-showdown-client\data\pokemon-showdown\.sim-dist\pokemon.js:1279:9)
    at Battle.runMegaEvo (C:\Users\Cristian\Documents\GitHub\pokemon-showdown-client\data\pokemon-showdown\.data-dist\mods\adventures\scripts.js:1264:11)
    at Battle.runAction (C:\Users\Cristian\Documents\GitHub\pokemon-showdown-client\data\pokemon-showdown\.sim-dist\battle.js:2575:9)
    at Battle.go (C:\Users\Cristian\Documents\GitHub\pokemon-showdown-client\data\pokemon-showdown\.sim-dist\battle.js:2772:9)
    at Battle.commitDecisions (C:\Users\Cristian\Documents\GitHub\pokemon-showdown-client\data\pokemon-showdown\.sim-dist\battle.js:2838:8)
    at Battle.choose (C:\Users\Cristian\Documents\GitHub\pokemon-showdown-client\data\pokemon-showdown\.sim-dist\battle.js:2794:35)
    at RoomBattleStream._writeLine (C:\Users\Cristian\Documents\GitHub\pokemon-showdown-client\data\pokemon-showdown\.sim-dist\battle-stream.js:119:17)
    at RoomBattleStream._writeLine (C:\Users\Cristian\Documents\GitHub\pokemon-showdown-client\data\pokemon-showdown\.server-dist\room-battle.js:1255:18)
    at RoomBattleStream._writeLines (C:\Users\Cristian\Documents\GitHub\pokemon-showdown-client\data\pokemon-showdown\.sim-dist\battle-stream.js:77:10)

Additional information:
  chunk = >p2 move 2
  inputLog = 
>version 6b4507aba927c38d240112c41a1c87f5241d19d0
>start {"formatid":"gen8adventuresdexag","seed":[3844,15698,42419,11573]}
>player p1 {"name":"Muhframos","avatar":"benga","team":"Boletaria|palossand|palossandite|watercompaction|earthquake,stoneedge,poltergeist,shoreup|Impish|252,,4,,252,|||S||","rating":0}
>player p2 {"name":"Wafflesinfalafels","avatar":"blaine","team":"synth.wave|keldeoresolute|choicespecs|justified|flipturn,icywind,hydropump,secretsword|Hasty|,4,,252,,252|N||||]jellyboi|nihilego|choicescarf|beastboost|grassknot,powergem,sludgewave,dazzlinggleam|Modest|,,,252,4,252|N|,0,,,,|||]pimpchimp'n|dracozolt|choiceband|voltabsorb|boltbeak,dragonclaw,earthquake,firefang|Jolly|4,252,,,,252|N||S||]buz|pinsir|pinsirite|moxie|closecombat,earthquake,frustration,quickattack|Jolly|,252,,,4,252|||S||0]honeydew|latias|heavydutyboots|levitate|defog,healingwish,mysticalfire,psyshock|Bold|252,,120,,136,|F|,0,,,,|S||]gainz|buzzwole|assaultvest|beastboost|drainpunch,icepunch,earthquake,leechlife|Careful|252,48,92,,116,|N||||","rating":0}
>chat ☆Wafflesinfalafels|ebic
>chat ☆Muhframos|pray with me
>chat ☆Muhframos|!data megassand
>p1 team 1
>p2 team 3, 2, 1, 4, 5, 6
>chat ☆Muhframos|fuck
>chat ☆Muhframos|!data palossand mega
>chat ☆Muhframos|uh oh
>chat ☆Muhframos|wow
>chat ☆Wafflesinfalafels|um
>p1 move earthquake mega
>p2 move dragonclaw
  log = 
|t:|1611980281
|player|p1|Muhframos|benga|
|player|p2|Wafflesinfalafels|blaine|
|teamsize|p1|1
|teamsize|p2|6
|gametype|singles
|gen|8
|tier|[Gen 8] Adventures Dex AG
|clearpoke
|poke|p1|Palossand, M|
|poke|p2|Keldeo-Resolute|
|poke|p2|Nihilego|
|poke|p2|Dracozolt|
|poke|p2|Pinsir, F|
|poke|p2|Latias, F|
|poke|p2|Buzzwole|
|rule|HP Percentage Mod: HP is shown in percentages
|rule|Endless Battle Clause: Forcing endless battles is banned
|rule|OHKO Clause: OHKO moves are banned
|rule|Evasion Moves Clause: Evasion moves are banned
|rule|Species Clause: Limit one of each Pokémon
|rule|Dynamax Clause: You cannot dynamax
|rule|Sleep Clause Mod: Limit one foe put to sleep
|teampreview
|
|t:|1611980294
|start
|switch|p1a: Boletaria|Palossand, M, shiny|374/374
|switch|p2a: pimpchimp'n|Dracozolt, shiny|322/322
|turn|1
|
|t:|1611980308
|detailschange|p1a: Boletaria|palossandmega, M, shiny
|-mega|p1a: Boletaria|Palossand|Palossandite


TypeError: Cannot read property 'id' of undefined
    at Pokemon.setAbility (C:\Users\Cristian\Documents\GitHub\pokemon-showdown-client\data\pokemon-showdown\.sim-dist\pokemon.js:1679:26)
    at Pokemon.formeChange (C:\Users\Cristian\Documents\GitHub\pokemon-showdown-client\data\pokemon-showdown\.sim-dist\pokemon.js:1279:9)
    at Battle.runMegaEvo (C:\Users\Cristian\Documents\GitHub\pokemon-showdown-client\data\pokemon-showdown\.data-dist\mods\adventures\scripts.js:1264:11)
    at Battle.runAction (C:\Users\Cristian\Documents\GitHub\pokemon-showdown-client\data\pokemon-showdown\.sim-dist\battle.js:2575:9)
    at Battle.go (C:\Users\Cristian\Documents\GitHub\pokemon-showdown-client\data\pokemon-showdown\.sim-dist\battle.js:2772:9)
    at Battle.commitDecisions (C:\Users\Cristian\Documents\GitHub\pokemon-showdown-client\data\pokemon-showdown\.sim-dist\battle.js:2838:8)
    at Battle.choose (C:\Users\Cristian\Documents\GitHub\pokemon-showdown-client\data\pokemon-showdown\.sim-dist\battle.js:2794:35)
    at RoomBattleStream._writeLine (C:\Users\Cristian\Documents\GitHub\pokemon-showdown-client\data\pokemon-showdown\.sim-dist\battle-stream.js:119:17)
    at RoomBattleStream._writeLine (C:\Users\Cristian\Documents\GitHub\pokemon-showdown-client\data\pokemon-showdown\.server-dist\room-battle.js:1255:18)
    at RoomBattleStream._writeLines (C:\Users\Cristian\Documents\GitHub\pokemon-showdown-client\data\pokemon-showdown\.sim-dist\battle-stream.js:77:10)

Additional information:
  chunk = >p1 move 1 mega
  inputLog = 
>version 6b4507aba927c38d240112c41a1c87f5241d19d0
>start {"formatid":"gen8adventuresdexag","seed":[11300,45147,18046,5922]}
>player p1 {"name":"Muhframos","avatar":"benga","team":"Boletaria|palossand|palossandite|watercompaction|earthquake,stoneedge,poltergeist,shoreup|Impish|252,,4,,252,|||S||","rating":0}
>player p2 {"name":"Wafflesinfalafels","avatar":"blaine","team":"synth.wave|keldeoresolute|choicespecs|justified|flipturn,icywind,hydropump,secretsword|Hasty|,4,,252,,252|N||||]jellyboi|nihilego|choicescarf|beastboost|grassknot,powergem,sludgewave,dazzlinggleam|Modest|,,,252,4,252|N|,0,,,,|||]pimpchimp'n|dracozolt|choiceband|voltabsorb|boltbeak,dragonclaw,earthquake,firefang|Jolly|4,252,,,,252|N||S||]buz|pinsir|pinsirite|moxie|closecombat,earthquake,frustration,quickattack|Jolly|,252,,,4,252|||S||0]honeydew|latias|heavydutyboots|levitate|defog,healingwish,mysticalfire,psyshock|Bold|252,,120,,136,|F|,0,,,,|S||]gainz|buzzwole|assaultvest|beastboost|drainpunch,icepunch,earthquake,leechlife|Careful|252,48,92,,116,|N||||","rating":0}
>p1 team 1
>p2 team 2, 1, 3, 4, 5, 6
>chat ☆Muhframos|i wonder what caused it
>chat ☆Muhframos|lets see
>chat ☆Muhframos|will it crash
>p1 move earthquake mega
>p2 move grassknot
  log = 
|t:|1611980730
|player|p1|Muhframos|benga|
|player|p2|Wafflesinfalafels|blaine|
|teamsize|p1|1
|teamsize|p2|6
|gametype|singles
|gen|8
|tier|[Gen 8] Adventures Dex AG
|clearpoke
|poke|p1|Palossand, F|
|poke|p2|Keldeo-Resolute|
|poke|p2|Nihilego|
|poke|p2|Dracozolt|
|poke|p2|Pinsir, M|
|poke|p2|Latias, F|
|poke|p2|Buzzwole|
|rule|HP Percentage Mod: HP is shown in percentages
|rule|Endless Battle Clause: Forcing endless battles is banned
|rule|OHKO Clause: OHKO moves are banned
|rule|Evasion Moves Clause: Evasion moves are banned
|rule|Species Clause: Limit one of each Pokémon
|rule|Dynamax Clause: You cannot dynamax
|rule|Sleep Clause Mod: Limit one foe put to sleep
|teampreview
|
|t:|1611980737
|start
|switch|p1a: Boletaria|Palossand, F, shiny|374/374
|switch|p2a: jellyboi|Nihilego|359/359
|turn|1
|
|t:|1611980745
|detailschange|p1a: Boletaria|palossandmega, F, shiny
|-mega|p1a: Boletaria|Palossand|Palossandite


RangeError: Maximum call stack size exceeded
    at String.replace (<anonymous>)
    at toID (C:\Users\Cristian\Documents\GitHub\pokemon-showdown-client\data\pokemon-showdown\.sim-dist\dex-data.js:33:35)
    at ModdedDex.getMove (C:\Users\Cristian\Documents\GitHub\pokemon-showdown-client\data\pokemon-showdown\.sim-dist\dex.js:466:25)
    at ModdedDex.getMove (C:\Users\Cristian\Documents\GitHub\pokemon-showdown-client\data\pokemon-showdown\.sim-dist\dex.js:470:16)
    at ModdedDex.getMove (C:\Users\Cristian\Documents\GitHub\pokemon-showdown-client\data\pokemon-showdown\.sim-dist\dex.js:470:16)
    at ModdedDex.getMove (C:\Users\Cristian\Documents\GitHub\pokemon-showdown-client\data\pokemon-showdown\.sim-dist\dex.js:470:16)
    at ModdedDex.getMove (C:\Users\Cristian\Documents\GitHub\pokemon-showdown-client\data\pokemon-showdown\.sim-dist\dex.js:470:16)
    at ModdedDex.getMove (C:\Users\Cristian\Documents\GitHub\pokemon-showdown-client\data\pokemon-showdown\.sim-dist\dex.js:470:16)
    at ModdedDex.getMove (C:\Users\Cristian\Documents\GitHub\pokemon-showdown-client\data\pokemon-showdown\.sim-dist\dex.js:470:16)
    at ModdedDex.getMove (C:\Users\Cristian\Documents\GitHub\pokemon-showdown-client\data\pokemon-showdown\.sim-dist\dex.js:470:16)

Additional information:
  user = Muhframos
  room = battle-gen8adventuresdexag-25
  pmTarget = undefined
  message = /data palossand mega


TypeError: Cannot read property 'id' of undefined
    at Pokemon.setAbility (C:\Users\Cristian\Documents\GitHub\pokemon-showdown-client\data\pokemon-showdown\.sim-dist\pokemon.js:1679:26)
    at Pokemon.formeChange (C:\Users\Cristian\Documents\GitHub\pokemon-showdown-client\data\pokemon-showdown\.sim-dist\pokemon.js:1279:9)
    at Battle.runMegaEvo (C:\Users\Cristian\Documents\GitHub\pokemon-showdown-client\data\pokemon-showdown\.data-dist\mods\adventures\scripts.js:1264:11)
    at Battle.runAction (C:\Users\Cristian\Documents\GitHub\pokemon-showdown-client\data\pokemon-showdown\.sim-dist\battle.js:2575:9)
    at Battle.go (C:\Users\Cristian\Documents\GitHub\pokemon-showdown-client\data\pokemon-showdown\.sim-dist\battle.js:2772:9)
    at Battle.commitDecisions (C:\Users\Cristian\Documents\GitHub\pokemon-showdown-client\data\pokemon-showdown\.sim-dist\battle.js:2838:8)
    at Battle.choose (C:\Users\Cristian\Documents\GitHub\pokemon-showdown-client\data\pokemon-showdown\.sim-dist\battle.js:2794:35)
    at RoomBattleStream._writeLine (C:\Users\Cristian\Documents\GitHub\pokemon-showdown-client\data\pokemon-showdown\.sim-dist\battle-stream.js:119:17)
    at RoomBattleStream._writeLine (C:\Users\Cristian\Documents\GitHub\pokemon-showdown-client\data\pokemon-showdown\.server-dist\room-battle.js:1255:18)
    at RoomBattleStream._writeLines (C:\Users\Cristian\Documents\GitHub\pokemon-showdown-client\data\pokemon-showdown\.sim-dist\battle-stream.js:77:10)

Additional information:
  chunk = >p1 move 1 mega
  inputLog = 
>version 6b4507aba927c38d240112c41a1c87f5241d19d0
>start {"formatid":"gen8adventuresdexag","seed":[42455,2528,33327,24614]}
>player p1 {"name":"Muhframos","avatar":"benga","team":"Boletaria|palossand|palossandite|watercompaction|earthquake,stoneedge,poltergeist,shoreup|Impish|252,,4,,252,|||||","rating":0}
>player p2 {"name":"Wafflesinfalafels","avatar":"blaine","team":"synth.wave|keldeoresolute|choicespecs|justified|flipturn,icywind,hydropump,secretsword|Hasty|,4,,252,,252|N||||]jellyboi|nihilego|choicescarf|beastboost|grassknot,powergem,sludgewave,dazzlinggleam|Modest|,,,252,4,252|N|,0,,,,|||]pimpchimp'n|dracozolt|choiceband|voltabsorb|boltbeak,dragonclaw,earthquake,firefang|Jolly|4,252,,,,252|N||S||]buz|pinsir|pinsirite|moxie|closecombat,earthquake,frustration,quickattack|Jolly|,252,,,4,252|||S||0]honeydew|latias|heavydutyboots|levitate|defog,healingwish,mysticalfire,psyshock|Bold|252,,120,,136,|F|,0,,,,|S||]gainz|buzzwole|assaultvest|beastboost|drainpunch,icepunch,earthquake,leechlife|Careful|252,48,92,,116,|N||||","rating":0}
>p1 team 1
>p2 team 2, 1, 3, 4, 5, 6
>chat ☆Muhframos|wow
>chat ☆Wafflesinfalafels|AHHHHHHHHHHHHHHHHHHHHHHHHHH
>chat ☆Muhframos|maximum call stack size
>chat ☆Muhframos|what
>p1 move earthquake mega
>p2 move grassknot
  log = 
|t:|1611981710
|player|p1|Muhframos|benga|
|player|p2|Wafflesinfalafels|blaine|
|teamsize|p1|1
|teamsize|p2|6
|gametype|singles
|gen|8
|tier|[Gen 8] Adventures Dex AG
|clearpoke
|poke|p1|Palossand, M|
|poke|p2|Keldeo-Resolute|
|poke|p2|Nihilego|
|poke|p2|Dracozolt|
|poke|p2|Pinsir, M|
|poke|p2|Latias, F|
|poke|p2|Buzzwole|
|rule|HP Percentage Mod: HP is shown in percentages
|rule|Endless Battle Clause: Forcing endless battles is banned
|rule|OHKO Clause: OHKO moves are banned
|rule|Evasion Moves Clause: Evasion moves are banned
|rule|Species Clause: Limit one of each Pokémon
|rule|Dynamax Clause: You cannot dynamax
|rule|Sleep Clause Mod: Limit one foe put to sleep
|teampreview
|
|t:|1611981716
|start
|switch|p1a: Boletaria|Palossand, M|374/374
|switch|p2a: jellyboi|Nihilego|359/359
|turn|1
|
|t:|1611981759
|detailschange|p1a: Boletaria|palossandmega, M
|-mega|p1a: Boletaria|Palossand|Palossandite


TypeError: Cannot read property 'id' of undefined
    at Pokemon.setAbility (C:\Users\Cristian\Documents\GitHub\pokemon-showdown-client\data\pokemon-showdown\.sim-dist\pokemon.js:1679:26)
    at Pokemon.formeChange (C:\Users\Cristian\Documents\GitHub\pokemon-showdown-client\data\pokemon-showdown\.sim-dist\pokemon.js:1279:9)
    at Battle.runMegaEvo (C:\Users\Cristian\Documents\GitHub\pokemon-showdown-client\data\pokemon-showdown\.data-dist\mods\adventures\scripts.js:1264:11)
    at Battle.runAction (C:\Users\Cristian\Documents\GitHub\pokemon-showdown-client\data\pokemon-showdown\.sim-dist\battle.js:2575:9)
    at Battle.go (C:\Users\Cristian\Documents\GitHub\pokemon-showdown-client\data\pokemon-showdown\.sim-dist\battle.js:2772:9)
    at Battle.commitDecisions (C:\Users\Cristian\Documents\GitHub\pokemon-showdown-client\data\pokemon-showdown\.sim-dist\battle.js:2838:8)
    at Battle.choose (C:\Users\Cristian\Documents\GitHub\pokemon-showdown-client\data\pokemon-showdown\.sim-dist\battle.js:2794:35)
    at RoomBattleStream._writeLine (C:\Users\Cristian\Documents\GitHub\pokemon-showdown-client\data\pokemon-showdown\.sim-dist\battle-stream.js:119:17)
    at RoomBattleStream._writeLine (C:\Users\Cristian\Documents\GitHub\pokemon-showdown-client\data\pokemon-showdown\.server-dist\room-battle.js:1255:18)
    at RoomBattleStream._writeLines (C:\Users\Cristian\Documents\GitHub\pokemon-showdown-client\data\pokemon-showdown\.sim-dist\battle-stream.js:77:10)

Additional information:
  chunk = >p1 move 2
  inputLog = 
>version 6b4507aba927c38d240112c41a1c87f5241d19d0
>start {"formatid":"gen8adventuresdexag","seed":[35156,26434,215,18005]}
>player p1 {"name":"Ooway","avatar":"2","team":"Buzzwole||assaultvest|beastboost|brickbreak,counter,earthquake,focuspunch|Adamant|252,252,,,4,|N||||","rating":0}
>player p2 {"name":"Muhframos","avatar":"benga","team":"Boletaria|palossand|palossandite|watercompaction|earthquake,stoneedge,poltergeist,shoreup|Impish|252,,4,,252,|||||","rating":0}
>p1 team 1
>p2 team 1
>p1 move earthquake
>p2 move earthquake
>p1 move counter
>p2 move shoreup mega
  log = 
|t:|1611983016
|player|p1|Ooway|2|
|player|p2|Muhframos|benga|
|teamsize|p1|1
|teamsize|p2|1
|gametype|singles
|gen|8
|tier|[Gen 8] Adventures Dex AG
|clearpoke
|poke|p1|Buzzwole|
|poke|p2|Palossand, M|
|rule|HP Percentage Mod: HP is shown in percentages
|rule|Endless Battle Clause: Forcing endless battles is banned
|rule|OHKO Clause: OHKO moves are banned
|rule|Evasion Moves Clause: Evasion moves are banned
|rule|Species Clause: Limit one of each Pokémon
|rule|Dynamax Clause: You cannot dynamax
|rule|Sleep Clause Mod: Limit one foe put to sleep
|teampreview
|
|t:|1611983031
|start
|switch|p1a: Buzzwole|Buzzwole|418/418
|switch|p2a: Boletaria|Palossand, M|374/374
|turn|1
|
|t:|1611983044
|move|p1a: Buzzwole|Earthquake|p2a: Boletaria
|-damage|p2a: Boletaria|257/374
|move|p2a: Boletaria|Earthquake|p1a: Buzzwole
|-resisted|p1a: Buzzwole
|-damage|p1a: Buzzwole|384/418
|
|upkeep
|turn|2
|
|t:|1611983059
|detailschange|p2a: Boletaria|palossandmega, M
|-mega|p2a: Boletaria|Palossand|Palossandite


RangeError: Maximum call stack size exceeded
    at String.replace (<anonymous>)
    at toID (C:\Users\Cristian\Documents\GitHub\pokemon-showdown-client\data\pokemon-showdown\.sim-dist\dex-data.js:33:35)
    at ModdedDex.getSpecies (C:\Users\Cristian\Documents\GitHub\pokemon-showdown-client\data\pokemon-showdown\.sim-dist\dex.js:294:25)
    at ModdedDex.getSpecies (C:\Users\Cristian\Documents\GitHub\pokemon-showdown-client\data\pokemon-showdown\.sim-dist\dex.js:312:20)
    at ModdedDex.getSpecies (C:\Users\Cristian\Documents\GitHub\pokemon-showdown-client\data\pokemon-showdown\.sim-dist\dex.js:312:20)
    at ModdedDex.getSpecies (C:\Users\Cristian\Documents\GitHub\pokemon-showdown-client\data\pokemon-showdown\.sim-dist\dex.js:312:20)
    at ModdedDex.getSpecies (C:\Users\Cristian\Documents\GitHub\pokemon-showdown-client\data\pokemon-showdown\.sim-dist\dex.js:312:20)
    at ModdedDex.getSpecies (C:\Users\Cristian\Documents\GitHub\pokemon-showdown-client\data\pokemon-showdown\.sim-dist\dex.js:312:20)
    at ModdedDex.getSpecies (C:\Users\Cristian\Documents\GitHub\pokemon-showdown-client\data\pokemon-showdown\.sim-dist\dex.js:312:20)
    at ModdedDex.getSpecies (C:\Users\Cristian\Documents\GitHub\pokemon-showdown-client\data\pokemon-showdown\.sim-dist\dex.js:312:20)

Additional information:
  formatid = gen8adventuresdexag
  team = Boletaria|palossand|palossandite|watercompaction|earthquake,stoneedge,poltergeist,shoreup|Impish|252,,4,,252,|||||


RangeError: Maximum call stack size exceeded
    at String.replace (<anonymous>)
    at toID (C:\Users\Cristian\Documents\GitHub\pokemon-showdown-client\data\pokemon-showdown\.sim-dist\dex-data.js:33:35)
    at ModdedDex.getSpecies (C:\Users\Cristian\Documents\GitHub\pokemon-showdown-client\data\pokemon-showdown\.sim-dist\dex.js:294:25)
    at ModdedDex.getSpecies (C:\Users\Cristian\Documents\GitHub\pokemon-showdown-client\data\pokemon-showdown\.sim-dist\dex.js:312:20)
    at ModdedDex.getSpecies (C:\Users\Cristian\Documents\GitHub\pokemon-showdown-client\data\pokemon-showdown\.sim-dist\dex.js:312:20)
    at ModdedDex.getSpecies (C:\Users\Cristian\Documents\GitHub\pokemon-showdown-client\data\pokemon-showdown\.sim-dist\dex.js:312:20)
    at ModdedDex.getSpecies (C:\Users\Cristian\Documents\GitHub\pokemon-showdown-client\data\pokemon-showdown\.sim-dist\dex.js:312:20)
    at ModdedDex.getSpecies (C:\Users\Cristian\Documents\GitHub\pokemon-showdown-client\data\pokemon-showdown\.sim-dist\dex.js:312:20)
    at ModdedDex.getSpecies (C:\Users\Cristian\Documents\GitHub\pokemon-showdown-client\data\pokemon-showdown\.sim-dist\dex.js:312:20)
    at ModdedDex.getSpecies (C:\Users\Cristian\Documents\GitHub\pokemon-showdown-client\data\pokemon-showdown\.sim-dist\dex.js:312:20)

Additional information:
  formatid = gen8adventuresdexag
  team = Boletaria|palossand|palossandite|watercompaction|earthquake,stoneedge,poltergeist,shoreup|Impish|252,,4,,252,|||||


ReferenceError: target is not defined
    at Battle.onStart (C:\Users\Cristian\Documents\GitHub\pokemon-showdown-client\data\pokemon-showdown\.data-dist\mods\adventures\abilities.js:49:4)
    at Battle.singleEvent (C:\Users\Cristian\Documents\GitHub\pokemon-showdown-client\data\pokemon-showdown\.sim-dist\battle.js:484:25)
    at Battle.runSwitch (C:\Users\Cristian\Documents\GitHub\pokemon-showdown-client\data\pokemon-showdown\.sim-dist\battle.js:1342:9)
    at Battle.runAction (C:\Users\Cristian\Documents\GitHub\pokemon-showdown-client\data\pokemon-showdown\.sim-dist\battle.js:2630:9)
    at Battle.go (C:\Users\Cristian\Documents\GitHub\pokemon-showdown-client\data\pokemon-showdown\.sim-dist\battle.js:2772:9)
    at Battle.commitDecisions (C:\Users\Cristian\Documents\GitHub\pokemon-showdown-client\data\pokemon-showdown\.sim-dist\battle.js:2838:8)
    at Battle.choose (C:\Users\Cristian\Documents\GitHub\pokemon-showdown-client\data\pokemon-showdown\.sim-dist\battle.js:2794:35)
    at RoomBattleStream._writeLine (C:\Users\Cristian\Documents\GitHub\pokemon-showdown-client\data\pokemon-showdown\.sim-dist\battle-stream.js:119:17)
    at RoomBattleStream._writeLine (C:\Users\Cristian\Documents\GitHub\pokemon-showdown-client\data\pokemon-showdown\.server-dist\room-battle.js:1255:18)
    at RoomBattleStream._writeLines (C:\Users\Cristian\Documents\GitHub\pokemon-showdown-client\data\pokemon-showdown\.sim-dist\battle-stream.js:77:10)

Additional information:
  chunk = >p1 team 1
  inputLog = 
>version 6b4507aba927c38d240112c41a1c87f5241d19d0
>start {"formatid":"gen8adventuresdexag","seed":[55138,1983,42684,3556]}
>player p1 {"name":"Ooway","avatar":"170","team":"Centiskorch||choiceband|arenatrap|firstimpression,leechlife,firelash,powerwhip|Adamant|252,252,,,4,|||||","rating":0}
>player p2 {"name":"Muhframos","avatar":"benga","team":"Boletaria|palossand|palossandite|sandstream|earthquake,stoneedge,poltergeist,shoreup|Impish|252,,252,,,|||S||]Bane|buzzwole|lifeorb|beastboost|drainpunch,earthquake,stoneedge,leechlife|Adamant|252,252,,,4,|N||S||]Malus|regigigas|leftovers|slowstart|drainpunch,protect,knockoff,psychup|Adamant|252,252,,,4,|N||||]Blazing Bull|tapubulu|grassyseed|grassysurge|hornleech,zenheadbutt,swordsdance,woodhammer|Adamant|248,252,,,8,|N||S||]Azathoth|guzzlord|leftovers|beastboost|outrage,suckerpunch,gunkshot,swordsdance|Adamant|252,252,,,4,|N||||]Great Hollow|trevenant|sitrusberry|naturalcure|foulplay,reflect,leechseed,strengthsap|Impish|252,,252,,4,||,0,,,,|||","rating":0}
>p1 team 1
>p2 team 5, 2, 3, 4, 1, 6
  log = 
|t:|1612149497
|player|p1|Ooway|170|
|player|p2|Muhframos|benga|
|teamsize|p1|1
|teamsize|p2|6
|gametype|singles
|gen|8
|tier|[Gen 8] Adventures Dex AG
|clearpoke
|poke|p1|Centiskorch, F|
|poke|p2|Palossand, F|
|poke|p2|Buzzwole|
|poke|p2|Regigigas|
|poke|p2|Tapu Bulu|
|poke|p2|Guzzlord|
|poke|p2|Trevenant, M|
|rule|HP Percentage Mod: HP is shown in percentages
|rule|Endless Battle Clause: Forcing endless battles is banned
|teampreview
|
|t:|1612149505
|start
|switch|p1a: Centiskorch|Centiskorch, F|454/454
|switch|p2a: Azathoth|Guzzlord|650/650


ReferenceError: source is not defined
    at Battle.onStart (C:\Users\Cristian\Documents\GitHub\pokemon-showdown-client\data\pokemon-showdown\.data-dist\mods\adventures\abilities.js:49:4)
    at Battle.singleEvent (C:\Users\Cristian\Documents\GitHub\pokemon-showdown-client\data\pokemon-showdown\.sim-dist\battle.js:484:25)
    at Battle.runSwitch (C:\Users\Cristian\Documents\GitHub\pokemon-showdown-client\data\pokemon-showdown\.sim-dist\battle.js:1342:9)
    at Battle.runAction (C:\Users\Cristian\Documents\GitHub\pokemon-showdown-client\data\pokemon-showdown\.sim-dist\battle.js:2630:9)
    at Battle.go (C:\Users\Cristian\Documents\GitHub\pokemon-showdown-client\data\pokemon-showdown\.sim-dist\battle.js:2772:9)
    at Battle.commitDecisions (C:\Users\Cristian\Documents\GitHub\pokemon-showdown-client\data\pokemon-showdown\.sim-dist\battle.js:2838:8)
    at Battle.choose (C:\Users\Cristian\Documents\GitHub\pokemon-showdown-client\data\pokemon-showdown\.sim-dist\battle.js:2794:35)
    at RoomBattleStream._writeLine (C:\Users\Cristian\Documents\GitHub\pokemon-showdown-client\data\pokemon-showdown\.sim-dist\battle-stream.js:119:17)
    at RoomBattleStream._writeLine (C:\Users\Cristian\Documents\GitHub\pokemon-showdown-client\data\pokemon-showdown\.server-dist\room-battle.js:1255:18)
    at RoomBattleStream._writeLines (C:\Users\Cristian\Documents\GitHub\pokemon-showdown-client\data\pokemon-showdown\.sim-dist\battle-stream.js:77:10)

Additional information:
  chunk = >p1 switch 4
  inputLog = 
>version 6b4507aba927c38d240112c41a1c87f5241d19d0
>start {"formatid":"adventuresdexag","seed":[53580,31380,26334,51042]}
>player p1 {"name":"Muhframos","avatar":"benga","team":"Malus|regigigas|normaliumz|slumber|knockoff,drainpunch,conversion,meteormash|Adamant|248,252,,,8,|N||||]Gohin|pangoro|lifeorb|prankster|machpunch,knockoff,partingshot,substitute|Impish|252,252,,,,|||||]Armstrong|articuno|heavydutyboots|snowwarning|freezedry,roost,healbell,uturn|Calm|248,,,8,252,|N||S||]Godzilla|tyranitar|tyranitarite|sandstream|stoneedge,earthquake,toxic,poweruppunch|Careful|252,4,,,252,|||||","rating":0}
>player p2 {"name":"Torcho123","avatar":"266","team":"Rawr XD|skarmory|rockyhelmet|sturdy|roost,spikes,stealthrock,roar|Relaxed|252,,252,,4,||,0,,,,|||]I explode ngl|ferrothorn|leftovers|ironbarbs|leechseed,toxic,protect,explosion|Sassy|4,,252,,252,|||S||]Ponytas dad|heatran|leftovers|flashfire|protect,magmastorm,earthpower,toxic|Sassy|252,,4,,252,||,0,,,,|||]3rd eye|magnezone|leftovers|analytic|voltswitch,flashcannon,toxic,protect|Sassy|252,,,252,4,|N|,0,,,,0|||]Peeved mole|excadrill|leftovers|moldbreaker|earthquake,rapidspin,toxic,ironhead|Adamant|252,252,,,4,|||||]King Olly|kartana|choiceband|beastboost|knockoff,leafblade,smartstrike,sacredsword|Jolly|4,252,,,,252|N||||","rating":0}
>p1 team 4, 2, 3, 1
>p2 team 5, 2, 3, 4, 1, 6
>chat ☆Muhframos|oh it does show up
>chat ☆Muhframos|ok
>p1 move poweruppunch mega
>p2 move ironhead
>chat ☆Torcho123|What shows up
>chat ☆Muhframos|modified stats
>chat ☆Torcho123|right
>chat ☆Muhframos|from sandstorm specifically
>p1 move earthquake
>p2 move ironhead
>p1 switch 4
  log = 
|t:|1612227394
|player|p1|Muhframos|benga|
|player|p2|Torcho123|266|
|teamsize|p1|4
|teamsize|p2|6
|gametype|singles
|gen|8
|tier|Adventures Dex AG
|clearpoke
|poke|p1|Regigigas|
|poke|p1|Pangoro, M|
|poke|p1|Articuno|
|poke|p1|Tyranitar, M|
|poke|p2|Skarmory, M|
|poke|p2|Ferrothorn, M|
|poke|p2|Heatran, F|
|poke|p2|Magnezone|
|poke|p2|Excadrill, F|
|poke|p2|Kartana|
|rule|HP Percentage Mod: HP is shown in percentages
|rule|Endless Battle Clause: Forcing endless battles is banned
|teampreview
|
|t:|1612227404
|start
|switch|p1a: Godzilla|Tyranitar, M|404/404
|switch|p2a: Peeved mole|Excadrill, F|424/424
|-ability|p2a: Peeved mole|Mold Breaker
|-weather|Sandstorm|[from] ability: Sand Stream|[of] p1a: Godzilla
|turn|1
|
|t:|1612227422
|detailschange|p1a: Godzilla|Tyranitar-Mega, M
|-mega|p1a: Godzilla|Tyranitar|Tyranitarite
|move|p2a: Peeved mole|Iron Head|p1a: Godzilla
|-supereffective|p1a: Godzilla
|-crit|p1a: Godzilla
|-damage|p1a: Godzilla|60/404
|move|p1a: Godzilla|Power-Up Punch|p2a: Peeved mole
|-supereffective|p2a: Peeved mole
|-damage|p2a: Peeved mole|280/424
|-boost|p1a: Godzilla|atk|1
|
|-weather|Sandstorm|[upkeep]
|-heal|p2a: Peeved mole|306/424|[from] item: Leftovers
|upkeep
|turn|2
|
|t:|1612227443
|move|p2a: Peeved mole|Iron Head|p1a: Godzilla
|-supereffective|p1a: Godzilla
|-damage|p1a: Godzilla|0 fnt
|faint|p1a: Godzilla
|
|-weather|Sandstorm|[upkeep]
|-heal|p2a: Peeved mole|332/424|[from] item: Leftovers
|upkeep
|
|t:|1612227495
|switch|p1a: Malus|Regigigas|423/423


ReferenceError: def is not defined
    at Battle.onModifyDef (C:\Users\Cristian\Documents\GitHub\pokemon-showdown-client\data\pokemon-showdown\.data-dist\mods\adventures\conditions.js:15:24)
    at Battle.runEvent (C:\Users\Cristian\Documents\GitHub\pokemon-showdown-client\data\pokemon-showdown\.sim-dist\battle.js:738:34)
    at Battle.getDamage (C:\Users\Cristian\Documents\GitHub\pokemon-showdown-client\data\pokemon-showdown\.sim-dist\battle.js:2177:18)
    at Battle.getSpreadDamage (C:\Users\Cristian\Documents\GitHub\pokemon-showdown-client\data\pokemon-showdown\.data-dist\scripts.js:857:27)
    at Battle.spreadMoveHit (C:\Users\Cristian\Documents\GitHub\pokemon-showdown-client\data\pokemon-showdown\.data-dist\scripts.js:789:17)
    at Battle.hitStepMoveHitLoop (C:\Users\Cristian\Documents\GitHub\pokemon-showdown-client\data\pokemon-showdown\.data-dist\scripts.js:668:37)
    at Battle.trySpreadMoveHit (C:\Users\Cristian\Documents\GitHub\pokemon-showdown-client\data\pokemon-showdown\.data-dist\scripts.js:353:28)
    at Battle.useMoveInner (C:\Users\Cristian\Documents\GitHub\pokemon-showdown-client\data\pokemon-showdown\.data-dist\scripts.js:274:22)
    at Battle.useMove (C:\Users\Cristian\Documents\GitHub\pokemon-showdown-client\data\pokemon-showdown\.data-dist\scripts.js:141:27)
    at Battle.runMove (C:\Users\Cristian\Documents\GitHub\pokemon-showdown-client\data\pokemon-showdown\.data-dist\scripts.js:96:33)

Additional information:
  chunk = >p2 move 2
  inputLog = 
>version 6b4507aba927c38d240112c41a1c87f5241d19d0
>start {"formatid":"gen8adventuresdexag","seed":[45452,21292,33257,1621]}
>player p1 {"name":"Muh2","avatar":"169","team":"Exeggutor|exeggutoralola|heavydutyboots|harvest|dracometeor,energyball,curse,dragontail|Quiet|252,4,,252,,|||||","rating":0}
>player p2 {"name":"Muhframos","avatar":"benga","team":"Malus|regigigas|normaliumz|slumber|knockoff,drainpunch,conversion,meteormash|Adamant|248,252,,,8,|N||||]Gohin|pangoro|lifeorb|prankster|machpunch,knockoff,partingshot,substitute|Impish|252,252,,,,|||||]Armstrong|articuno|heavydutyboots|snowwarning|freezedry,roost,healbell,uturn|Calm|248,,,8,252,|N||S||]Godzilla|tyranitar|tyranitarite|sandstream|stoneedge,earthquake,toxic,poweruppunch|Careful|252,4,,,252,|||||","rating":0}
>p1 team 1
>p2 team 3, 2, 1, 4
>p1 move dragontail
>p2 move roost
  log = 
|t:|1612228363
|player|p1|Muh2|169|
|player|p2|Muhframos|benga|
|teamsize|p1|1
|teamsize|p2|4
|gametype|singles
|gen|8
|tier|[Gen 8] Adventures Dex AG
|clearpoke
|poke|p1|Exeggutor-Alola, M|
|poke|p2|Regigigas|
|poke|p2|Pangoro, M|
|poke|p2|Articuno|
|poke|p2|Tyranitar, M|
|rule|HP Percentage Mod: HP is shown in percentages
|rule|Endless Battle Clause: Forcing endless battles is banned
|teampreview
|
|t:|1612228371
|start
|switch|p1a: Exeggutor|Exeggutor-Alola, M|394/394
|switch|p2a: Armstrong|Articuno, shiny|383/383
|-weather|Hail|[from] ability: Snow Warning|[of] p2a: Armstrong
|turn|1
|
|t:|1612228477
|move|p2a: Armstrong|Roost||[still]
|-fail|p2a: Armstrong|heal
|move|p1a: Exeggutor|Dragon Tail|p2a: Armstrong


ReferenceError: move is not defined
    at Battle.onStart (C:\Users\Cristian\Documents\GitHub\pokemon-showdown-client\data\pokemon-showdown\.data-dist\mods\adventures\abilities.js:56:43)
    at Battle.singleEvent (C:\Users\Cristian\Documents\GitHub\pokemon-showdown-client\data\pokemon-showdown\.sim-dist\battle.js:484:25)
    at Battle.runSwitch (C:\Users\Cristian\Documents\GitHub\pokemon-showdown-client\data\pokemon-showdown\.sim-dist\battle.js:1342:9)
    at Battle.runAction (C:\Users\Cristian\Documents\GitHub\pokemon-showdown-client\data\pokemon-showdown\.sim-dist\battle.js:2630:9)
    at Battle.go (C:\Users\Cristian\Documents\GitHub\pokemon-showdown-client\data\pokemon-showdown\.sim-dist\battle.js:2772:9)
    at Battle.commitDecisions (C:\Users\Cristian\Documents\GitHub\pokemon-showdown-client\data\pokemon-showdown\.sim-dist\battle.js:2838:8)
    at Battle.choose (C:\Users\Cristian\Documents\GitHub\pokemon-showdown-client\data\pokemon-showdown\.sim-dist\battle.js:2794:35)
    at RoomBattleStream._writeLine (C:\Users\Cristian\Documents\GitHub\pokemon-showdown-client\data\pokemon-showdown\.sim-dist\battle-stream.js:119:17)
    at RoomBattleStream._writeLine (C:\Users\Cristian\Documents\GitHub\pokemon-showdown-client\data\pokemon-showdown\.server-dist\room-battle.js:1255:18)
    at RoomBattleStream._writeLines (C:\Users\Cristian\Documents\GitHub\pokemon-showdown-client\data\pokemon-showdown\.sim-dist\battle-stream.js:77:10)

Additional information:
  chunk = >p1 move 3
  inputLog = 
>version 6b4507aba927c38d240112c41a1c87f5241d19d0
>start {"formatid":"gen8adventuresou","seed":[53209,61090,29993,7141]}
>player p1 {"name":"Ooway","avatar":"1","team":"Exeggutor|exeggutoralola|heavydutyboots|harvest|dracometeor,energyball,curse,dragontail|Quiet|252,4,,252,,|||||","rating":0}
>player p2 {"name":"Muhframos","avatar":"benga","team":"Malus|regigigas|normaliumz|slumber|knockoff,drainpunch,conversion,meteormash|Adamant|248,252,,,8,|N||||]Gohin|pangoro|lifeorb|prankster|machpunch,knockoff,partingshot,substitute|Impish|252,252,,,,|||||]Armstrong|articuno|heavydutyboots|snowwarning|freezedry,roost,healbell,uturn|Calm|248,,,8,252,|N||S||]Godzilla|tyranitar|tyranitarite|sandstream|stoneedge,earthquake,toxic,poweruppunch|Careful|252,4,,,252,|||||","rating":0}
>p1 team 1
>p2 team 3, 2, 1, 4
>p1 move dragontail
>p2 move roost
>p1 move curse
>p2 switch 3
  log = 
|t:|1612229431
|player|p1|Ooway|1|
|player|p2|Muhframos|benga|
|teamsize|p1|1
|teamsize|p2|4
|gametype|singles
|gen|8
|tier|[Gen 8] Adventures OU
|clearpoke
|poke|p1|Exeggutor-Alola, M|
|poke|p2|Regigigas|
|poke|p2|Pangoro, F|
|poke|p2|Articuno|
|poke|p2|Tyranitar, M|
|rule|HP Percentage Mod: HP is shown in percentages
|rule|Endless Battle Clause: Forcing endless battles is banned
|rule|OHKO Clause: OHKO moves are banned
|rule|Evasion Moves Clause: Evasion moves are banned
|rule|Species Clause: Limit one of each Pokémon
|rule|Dynamax Clause: You cannot dynamax
|rule|Sleep Clause Mod: Limit one foe put to sleep
|teampreview
|
|t:|1612229437
|start
|switch|p1a: Exeggutor|Exeggutor-Alola, M|394/394
|switch|p2a: Armstrong|Articuno, shiny|383/383
|-weather|Hail|[from] ability: Snow Warning|[of] p2a: Armstrong
|turn|1
|
|t:|1612229448
|move|p2a: Armstrong|Roost||[still]
|-fail|p2a: Armstrong|heal
|move|p1a: Exeggutor|Dragon Tail|p2a: Armstrong
|-damage|p2a: Armstrong|337/383
|drag|p2a: Godzilla|Tyranitar, M|404/404
|-weather|Sandstorm|[from] ability: Sand Stream|[of] p2a: Godzilla
|
|-weather|Sandstorm|[upkeep]
|-damage|p1a: Exeggutor|370/394|[from] Sandstorm
|upkeep
|turn|2
|
|t:|1612229491
|switch|p2a: Malus|Regigigas|423/423


Error [ERR_IPC_DISCONNECTED]: IPC channel is already disconnected
    at ChildProcess.target.disconnect (internal/child_process.js:858:26)
    at QueryProcessWrapper.destroy (C:\Users\Cristian\Documents\GitHub\pokemon-showdown-client\data\pokemon-showdown\.lib-dist\process-manager.js:178:16)
    at QueryProcessWrapper.release (C:\Users\Cristian\Documents\GitHub\pokemon-showdown-client\data\pokemon-showdown\.lib-dist\process-manager.js:164:9)
    at QueryProcessManager.releaseCrashed (C:\Users\Cristian\Documents\GitHub\pokemon-showdown-client\data\pokemon-showdown\.lib-dist\process-manager.js:421:16)
    at ChildProcess.<anonymous> (C:\Users\Cristian\Documents\GitHub\pokemon-showdown-client\data\pokemon-showdown\.lib-dist\process-manager.js:468:48)
    at ChildProcess.emit (events.js:315:20)
    at ChildProcess.EventEmitter.emit (domain.js:467:12)
    at finish (internal/child_process.js:888:14)
    at processTicksAndRejections (internal/process/task_queues.js:75:11)

Error [ERR_IPC_DISCONNECTED]: IPC channel is already disconnected
    at ChildProcess.target.disconnect (internal/child_process.js:858:26)
    at QueryProcessWrapper.destroy (C:\Users\Cristian\Documents\GitHub\pokemon-showdown-client\data\pokemon-showdown\.lib-dist\process-manager.js:178:16)
    at QueryProcessWrapper.release (C:\Users\Cristian\Documents\GitHub\pokemon-showdown-client\data\pokemon-showdown\.lib-dist\process-manager.js:164:9)
    at QueryProcessManager.releaseCrashed (C:\Users\Cristian\Documents\GitHub\pokemon-showdown-client\data\pokemon-showdown\.lib-dist\process-manager.js:421:16)
    at ChildProcess.<anonymous> (C:\Users\Cristian\Documents\GitHub\pokemon-showdown-client\data\pokemon-showdown\.lib-dist\process-manager.js:468:48)
    at ChildProcess.emit (events.js:315:20)
    at ChildProcess.EventEmitter.emit (domain.js:467:12)
    at finish (internal/child_process.js:888:14)
    at processTicksAndRejections (internal/process/task_queues.js:75:11)

Error [ERR_IPC_DISCONNECTED]: IPC channel is already disconnected
    at ChildProcess.target.disconnect (internal/child_process.js:858:26)
    at QueryProcessWrapper.destroy (C:\Users\Cristian\Documents\GitHub\pokemon-showdown-client\data\pokemon-showdown\.lib-dist\process-manager.js:178:16)
    at QueryProcessWrapper.release (C:\Users\Cristian\Documents\GitHub\pokemon-showdown-client\data\pokemon-showdown\.lib-dist\process-manager.js:164:9)
    at QueryProcessManager.releaseCrashed (C:\Users\Cristian\Documents\GitHub\pokemon-showdown-client\data\pokemon-showdown\.lib-dist\process-manager.js:421:16)
    at ChildProcess.<anonymous> (C:\Users\Cristian\Documents\GitHub\pokemon-showdown-client\data\pokemon-showdown\.lib-dist\process-manager.js:468:48)
    at ChildProcess.emit (events.js:315:20)
    at ChildProcess.EventEmitter.emit (domain.js:467:12)
    at finish (internal/child_process.js:888:14)
    at processTicksAndRejections (internal/process/task_queues.js:75:11)

Error [ERR_IPC_DISCONNECTED]: IPC channel is already disconnected
    at ChildProcess.target.disconnect (internal/child_process.js:858:26)
    at QueryProcessWrapper.destroy (C:\Users\Cristian\Documents\GitHub\pokemon-showdown-client\data\pokemon-showdown\.lib-dist\process-manager.js:178:16)
    at QueryProcessWrapper.release (C:\Users\Cristian\Documents\GitHub\pokemon-showdown-client\data\pokemon-showdown\.lib-dist\process-manager.js:164:9)
    at QueryProcessManager.releaseCrashed (C:\Users\Cristian\Documents\GitHub\pokemon-showdown-client\data\pokemon-showdown\.lib-dist\process-manager.js:421:16)
    at ChildProcess.<anonymous> (C:\Users\Cristian\Documents\GitHub\pokemon-showdown-client\data\pokemon-showdown\.lib-dist\process-manager.js:468:48)
    at ChildProcess.emit (events.js:315:20)
    at ChildProcess.EventEmitter.emit (domain.js:467:12)
    at finish (internal/child_process.js:888:14)
    at processTicksAndRejections (internal/process/task_queues.js:75:11)

ReferenceError: pokemon is not defined
    at Battle.onPrepareHit (C:\Users\Cristian\Documents\GitHub\pokemon-showdown-client\data\pokemon-showdown\.data-dist\mods\torchic\abilities.js:68:4)
    at Battle.runEvent (C:\Users\Cristian\Documents\GitHub\pokemon-showdown-client\data\pokemon-showdown\.sim-dist\battle.js:738:34)
    at Battle.trySpreadMoveHit (C:\Users\Cristian\Documents\GitHub\pokemon-showdown-client\data\pokemon-showdown\.data-dist\scripts.js:342:9)
    at Battle.useMoveInner (C:\Users\Cristian\Documents\GitHub\pokemon-showdown-client\data\pokemon-showdown\.data-dist\scripts.js:274:22)
    at Battle.useMove (C:\Users\Cristian\Documents\GitHub\pokemon-showdown-client\data\pokemon-showdown\.data-dist\scripts.js:141:27)
    at Battle.runMove (C:\Users\Cristian\Documents\GitHub\pokemon-showdown-client\data\pokemon-showdown\.data-dist\scripts.js:96:33)
    at Battle.runAction (C:\Users\Cristian\Documents\GitHub\pokemon-showdown-client\data\pokemon-showdown\.sim-dist\battle.js:2571:9)
    at Battle.go (C:\Users\Cristian\Documents\GitHub\pokemon-showdown-client\data\pokemon-showdown\.sim-dist\battle.js:2772:9)
    at Battle.commitDecisions (C:\Users\Cristian\Documents\GitHub\pokemon-showdown-client\data\pokemon-showdown\.sim-dist\battle.js:2838:8)
    at Battle.choose (C:\Users\Cristian\Documents\GitHub\pokemon-showdown-client\data\pokemon-showdown\.sim-dist\battle.js:2794:35)

Additional information:
  chunk = >p2 move 3
  inputLog = 
>version 72c304ed810b2bad7a4bac1988e2a8b51c0a50ef
>version-origin 36fc2fe8ac8d55ce65c902ddad2cbcef2d4266de
>start {"formatid":"gen8axisleague","seed":[55658,17150,46130,29623]}
>player p1 {"name":"Muhframos","avatar":"benga","team":"Exploud||choicescarf|soundproof|boomburst,blizzard,extrasensory,flamethrower|Timid|,,,252,4,252||,0,,,,|||]Audino||audiniteg|regenerator|dazzlinggleam,shadowball,echoedvoice,fireblast|Modest|252,,,252,4,||,0,,,,|||","rating":0}
>player p2 {"name":"Ooway","avatar":"266","team":"Cinderace||choiceband|libero|acrobatics,courtchange,firepunch,fireblast|Hasty|,252,,4,,252|||||","rating":0}
>p1 team 2, 1
>p2 team 1
>p1 move echoedvoice mega
>p2 move firepunch
  log = 
|t:|1612416445
|player|p1|Muhframos|benga|
|player|p2|Ooway|266|
|teamsize|p1|2
|teamsize|p2|1
|gametype|singles
|gen|8
|tier|[Gen 8] Axis League
|clearpoke
|poke|p1|Exploud, F|
|poke|p1|Audino, M|
|poke|p2|Cinderace, F|
|rule|HP Percentage Mod: HP is shown in percentages
|rule|Endless Battle Clause: Forcing endless battles is banned
|teampreview
|
|t:|1612416449
|start
|switch|p1a: Audino|Audino, M|410/410
|switch|p2a: Cinderace|Cinderace, F|301/301
|turn|1
|
|t:|1612416458
|detailschange|p1a: Audino|Audino-Mega G, M
|-mega|p1a: Audino|Audino|Audinite G
|move|p2a: Cinderace|Fire Punch|p1a: Audino
|-damage|p1a: Audino|227/410
|move|p1a: Audino|Echoed Voice|p2a: Cinderace


Error [ERR_IPC_DISCONNECTED]: IPC channel is already disconnected
    at ChildProcess.target.disconnect (internal/child_process.js:858:26)
    at QueryProcessWrapper.destroy (C:\Users\Cristian\Documents\GitHub\pokemon-showdown-client\data\pokemon-showdown\.lib-dist\process-manager.js:178:16)
    at QueryProcessWrapper.release (C:\Users\Cristian\Documents\GitHub\pokemon-showdown-client\data\pokemon-showdown\.lib-dist\process-manager.js:164:9)
    at QueryProcessManager.releaseCrashed (C:\Users\Cristian\Documents\GitHub\pokemon-showdown-client\data\pokemon-showdown\.lib-dist\process-manager.js:421:16)
    at ChildProcess.<anonymous> (C:\Users\Cristian\Documents\GitHub\pokemon-showdown-client\data\pokemon-showdown\.lib-dist\process-manager.js:468:48)
    at ChildProcess.emit (events.js:315:20)
    at ChildProcess.EventEmitter.emit (domain.js:467:12)
    at finish (internal/child_process.js:888:14)
    at processTicksAndRejections (internal/process/task_queues.js:75:11)

Error: Format #40 has a duplicate ID: 'gen8adventuresou'
    at ModdedDex.includeFormats (C:\Users\Cristian\Documents\GitHub\pokemon-showdown-client\data\pokemon-showdown\.sim-dist\dex.js:1517:37)
    at ModdedDex.get formats [as formats] (C:\Users\Cristian\Documents\GitHub\pokemon-showdown-client\data\pokemon-showdown\.sim-dist\dex.js:172:8)
    at GlobalRoomState.get formatListText [as formatListText] (C:\Users\Cristian\Documents\GitHub\pokemon-showdown-client\data\pokemon-showdown\.server-dist\rooms.js:1263:23)
    at GlobalRoomState.handleConnect (C:\Users\Cristian\Documents\GitHub\pokemon-showdown-client\data\pokemon-showdown\.server-dist\rooms.js:1515:80)
    at Object.socketConnect (C:\Users\Cristian\Documents\GitHub\pokemon-showdown-client\data\pokemon-showdown\.server-dist\users.js:1606:15)
    at Object.onSpawn (C:\Users\Cristian\Documents\GitHub\pokemon-showdown-client\data\pokemon-showdown\.server-dist\sockets.js:36:11)
    at processTicksAndRejections (internal/process/task_queues.js:93:5)

Error [ERR_IPC_DISCONNECTED]: IPC channel is already disconnected
    at ChildProcess.target.disconnect (internal/child_process.js:858:26)
    at QueryProcessWrapper.destroy (C:\Users\Cristian\Documents\GitHub\pokemon-showdown-client\data\pokemon-showdown\.lib-dist\process-manager.js:178:16)
    at QueryProcessWrapper.release (C:\Users\Cristian\Documents\GitHub\pokemon-showdown-client\data\pokemon-showdown\.lib-dist\process-manager.js:164:9)
    at QueryProcessManager.releaseCrashed (C:\Users\Cristian\Documents\GitHub\pokemon-showdown-client\data\pokemon-showdown\.lib-dist\process-manager.js:421:16)
    at ChildProcess.<anonymous> (C:\Users\Cristian\Documents\GitHub\pokemon-showdown-client\data\pokemon-showdown\.lib-dist\process-manager.js:468:48)
    at ChildProcess.emit (events.js:315:20)
    at ChildProcess.EventEmitter.emit (domain.js:467:12)
    at finish (internal/child_process.js:888:14)
    at processTicksAndRejections (internal/process/task_queues.js:75:11)

ReferenceError: heal is not defined
    at Battle.onModifyMove (C:\Users\Cristian\Documents\GitHub\pokemon-showdown-client\data\pokemon-showdown\.data-dist\mods\torchic\abilities.js:72:5)
    at Battle.runEvent (C:\Users\Cristian\Documents\GitHub\pokemon-showdown-client\data\pokemon-showdown\.sim-dist\battle.js:738:34)
    at Battle.useMoveInner (C:\Users\Cristian\Documents\GitHub\pokemon-showdown-client\data\pokemon-showdown\.data-dist\scripts.js:198:15)
    at Battle.useMove (C:\Users\Cristian\Documents\GitHub\pokemon-showdown-client\data\pokemon-showdown\.data-dist\scripts.js:141:27)
    at Battle.runMove (C:\Users\Cristian\Documents\GitHub\pokemon-showdown-client\data\pokemon-showdown\.data-dist\scripts.js:96:33)
    at Battle.runAction (C:\Users\Cristian\Documents\GitHub\pokemon-showdown-client\data\pokemon-showdown\.sim-dist\battle.js:2571:9)
    at Battle.go (C:\Users\Cristian\Documents\GitHub\pokemon-showdown-client\data\pokemon-showdown\.sim-dist\battle.js:2772:9)
    at Battle.commitDecisions (C:\Users\Cristian\Documents\GitHub\pokemon-showdown-client\data\pokemon-showdown\.sim-dist\battle.js:2838:8)
    at Battle.choose (C:\Users\Cristian\Documents\GitHub\pokemon-showdown-client\data\pokemon-showdown\.sim-dist\battle.js:2794:35)
    at RoomBattleStream._writeLine (C:\Users\Cristian\Documents\GitHub\pokemon-showdown-client\data\pokemon-showdown\.sim-dist\battle-stream.js:119:17)

Additional information:
  chunk = >p2 move 3 mega
  inputLog = 
>version 72c304ed810b2bad7a4bac1988e2a8b51c0a50ef
>version-origin 36fc2fe8ac8d55ce65c902ddad2cbcef2d4266de
>start {"formatid":"gen8axisleaguegyms","seed":[17907,4128,20428,56459]}
>player p1 {"name":"ooway","avatar":"266","team":"Cinderace||choiceband|libero|acrobatics,courtchange,firepunch,fireblast|Hasty|,252,,4,,252|||||","rating":0}
>player p2 {"name":"Muhframos","avatar":"benga","team":"Exploud||choicescarf|soundproof|boomburst,blizzard,extrasensory,flamethrower|Timid|,,,252,4,252||,0,,,,|||]Audino||audiniteg|regenerator|dazzlinggleam,shadowball,echoedvoice,fireblast|Modest|252,,,252,4,||,0,,,,|||","rating":0}
>p1 team 1
>p2 team 2, 1
>p1 move firepunch
>p2 move echoedvoice mega
  log = 
|t:|1612420094
|player|p1|ooway|266|
|player|p2|Muhframos|benga|
|teamsize|p1|1
|teamsize|p2|2
|gametype|singles
|gen|8
|tier|[Gen 8] Axis League Gyms
|clearpoke
|poke|p1|Cinderace, F|
|poke|p2|Exploud, M|
|poke|p2|Audino, M|
|rule|HP Percentage Mod: HP is shown in percentages
|rule|Endless Battle Clause: Forcing endless battles is banned
|rule|OHKO Clause: OHKO moves are banned
|rule|Evasion Moves Clause: Evasion moves are banned
|rule|Species Clause: Limit one of each Pokémon
|rule|Dynamax Clause: You cannot dynamax
|rule|Sleep Clause Mod: Limit one foe put to sleep
|teampreview
|
|t:|1612420098
|start
|switch|p1a: Cinderace|Cinderace, F|301/301
|switch|p2a: Audino|Audino, M|410/410
|turn|1
|
|t:|1612420104
|detailschange|p2a: Audino|Audino-Mega G, M
|-mega|p2a: Audino|Audino|Audinite G
|move|p1a: Cinderace|Fire Punch|p2a: Audino
|-damage|p2a: Audino|233/410


Error [ERR_IPC_DISCONNECTED]: IPC channel is already disconnected
    at ChildProcess.target.disconnect (internal/child_process.js:858:26)
    at QueryProcessWrapper.destroy (C:\Users\Cristian\Documents\GitHub\pokemon-showdown-client\data\pokemon-showdown\.lib-dist\process-manager.js:178:16)
    at QueryProcessWrapper.release (C:\Users\Cristian\Documents\GitHub\pokemon-showdown-client\data\pokemon-showdown\.lib-dist\process-manager.js:164:9)
    at QueryProcessManager.releaseCrashed (C:\Users\Cristian\Documents\GitHub\pokemon-showdown-client\data\pokemon-showdown\.lib-dist\process-manager.js:421:16)
    at ChildProcess.<anonymous> (C:\Users\Cristian\Documents\GitHub\pokemon-showdown-client\data\pokemon-showdown\.lib-dist\process-manager.js:468:48)
    at ChildProcess.emit (events.js:315:20)
    at ChildProcess.EventEmitter.emit (domain.js:467:12)
    at finish (internal/child_process.js:888:14)
    at processTicksAndRejections (internal/process/task_queues.js:75:11)

Error: Nothing matches ""
    at ModdedDex.validateBanRule (C:\Users\Cristian\Documents\GitHub\pokemon-showdown-client\data\pokemon-showdown\.sim-dist\dex.js:1016:10)
    at C:\Users\Cristian\Documents\GitHub\pokemon-showdown-client\data\pokemon-showdown\.sim-dist\dex.js:933:41
    at Array.map (<anonymous>)
    at ModdedDex.validateRule (C:\Users\Cristian\Documents\GitHub\pokemon-showdown-client\data\pokemon-showdown\.sim-dist\dex.js:933:27)
    at ModdedDex.getRuleTable (C:\Users\Cristian\Documents\GitHub\pokemon-showdown-client\data\pokemon-showdown\.sim-dist\dex.js:821:26)
    at new TeamValidator (C:\Users\Cristian\Documents\GitHub\pokemon-showdown-client\data\pokemon-showdown\.sim-dist\team-validator.js:199:29)
    at Function.get (C:\Users\Cristian\Documents\GitHub\pokemon-showdown-client\data\pokemon-showdown\.sim-dist\team-validator.js:2110:10)
    at QueryProcessManager._query (C:\Users\Cristian\Documents\GitHub\pokemon-showdown-client\data\pokemon-showdown\.server-dist\team-validator-async.js:50:43)
    at process.<anonymous> (C:\Users\Cristian\Documents\GitHub\pokemon-showdown-client\data\pokemon-showdown\.lib-dist\process-manager.js:538:30)
    at process.emit (events.js:315:20)

Additional information:
  formatid = gen8adventuresou
  team = Exploud||choicescarf|soundproof|boomburst,blizzard,extrasensory,flamethrower|Timid|,,,252,4,252||,0,,,,|||]Audino||audiniteg|regenerator|dazzlinggleam,shadowball,echoedvoice,fireblast|Modest|252,,,252,4,||,0,,,,|||]Floette-Eternal|||flowerveil||||F||||


Error: Rule "+Unobtainable" was added by "[Gen 8] Adventures OU" but already exists in "Standard NatDex"
    at ModdedDex.getRuleTable (C:\Users\Cristian\Documents\GitHub\pokemon-showdown-client\data\pokemon-showdown\.sim-dist\dex.js:848:12)
    at new TeamValidator (C:\Users\Cristian\Documents\GitHub\pokemon-showdown-client\data\pokemon-showdown\.sim-dist\team-validator.js:199:29)
    at Function.get (C:\Users\Cristian\Documents\GitHub\pokemon-showdown-client\data\pokemon-showdown\.sim-dist\team-validator.js:2110:10)
    at QueryProcessManager._query (C:\Users\Cristian\Documents\GitHub\pokemon-showdown-client\data\pokemon-showdown\.server-dist\team-validator-async.js:50:43)
    at process.<anonymous> (C:\Users\Cristian\Documents\GitHub\pokemon-showdown-client\data\pokemon-showdown\.lib-dist\process-manager.js:538:30)
    at process.emit (events.js:315:20)
    at process.EventEmitter.emit (domain.js:467:12)
    at emit (internal/child_process.js:903:12)
    at processTicksAndRejections (internal/process/task_queues.js:81:21)

Additional information:
  formatid = gen8adventuresou
  team = Exploud||choicescarf|soundproof|boomburst,blizzard,extrasensory,flamethrower|Timid|,,,252,4,252||,0,,,,|||]Audino||audiniteg|regenerator|dazzlinggleam,shadowball,echoedvoice,fireblast|Modest|252,,,252,4,||,0,,,,|||]Floette-Eternal|||flowerveil||||F||||


Error [ERR_IPC_DISCONNECTED]: IPC channel is already disconnected
    at ChildProcess.target.disconnect (internal/child_process.js:858:26)
    at QueryProcessWrapper.destroy (C:\Users\Cristian\Documents\GitHub\pokemon-showdown-client\data\pokemon-showdown\.lib-dist\process-manager.js:178:16)
    at QueryProcessWrapper.release (C:\Users\Cristian\Documents\GitHub\pokemon-showdown-client\data\pokemon-showdown\.lib-dist\process-manager.js:164:9)
    at QueryProcessManager.releaseCrashed (C:\Users\Cristian\Documents\GitHub\pokemon-showdown-client\data\pokemon-showdown\.lib-dist\process-manager.js:421:16)
    at ChildProcess.<anonymous> (C:\Users\Cristian\Documents\GitHub\pokemon-showdown-client\data\pokemon-showdown\.lib-dist\process-manager.js:468:48)
    at ChildProcess.emit (events.js:315:20)
    at ChildProcess.EventEmitter.emit (domain.js:467:12)
    at finish (internal/child_process.js:888:14)
    at processTicksAndRejections (internal/process/task_queues.js:75:11)

Error [ERR_IPC_DISCONNECTED]: IPC channel is already disconnected
    at ChildProcess.target.disconnect (internal/child_process.js:858:26)
    at QueryProcessWrapper.destroy (C:\Users\Cristian\Documents\GitHub\pokemon-showdown-client\data\pokemon-showdown\.lib-dist\process-manager.js:178:16)
    at QueryProcessWrapper.release (C:\Users\Cristian\Documents\GitHub\pokemon-showdown-client\data\pokemon-showdown\.lib-dist\process-manager.js:164:9)
    at QueryProcessManager.releaseCrashed (C:\Users\Cristian\Documents\GitHub\pokemon-showdown-client\data\pokemon-showdown\.lib-dist\process-manager.js:421:16)
    at ChildProcess.<anonymous> (C:\Users\Cristian\Documents\GitHub\pokemon-showdown-client\data\pokemon-showdown\.lib-dist\process-manager.js:468:48)
    at ChildProcess.emit (events.js:315:20)
    at ChildProcess.EventEmitter.emit (domain.js:467:12)
    at finish (internal/child_process.js:888:14)
    at processTicksAndRejections (internal/process/task_queues.js:75:11)

TypeError: Cannot read property 'seismictoss' of undefined
    at ModdedDex.init (C:\Users\Cristian\Documents\GitHub\pokemon-showdown-client\data\pokemon-showdown\.data-dist\mods\adventures\scripts.js:120:53)
    at ModdedDex.loadData (C:\Users\Cristian\Documents\GitHub\pokemon-showdown-client\data\pokemon-showdown\.sim-dist\dex.js:1473:34)
    at ModdedDex.includeData (C:\Users\Cristian\Documents\GitHub\pokemon-showdown-client\data\pokemon-showdown\.sim-dist\dex.js:1390:8)
    at ModdedDex.forFormat (C:\Users\Cristian\Documents\GitHub\pokemon-showdown-client\data\pokemon-showdown\.sim-dist\dex.js:194:33)
    at new TeamValidator (C:\Users\Cristian\Documents\GitHub\pokemon-showdown-client\data\pokemon-showdown\.sim-dist\team-validator.js:197:18)
    at Function.get (C:\Users\Cristian\Documents\GitHub\pokemon-showdown-client\data\pokemon-showdown\.sim-dist\team-validator.js:2110:10)
    at QueryProcessManager._query (C:\Users\Cristian\Documents\GitHub\pokemon-showdown-client\data\pokemon-showdown\.server-dist\team-validator-async.js:50:43)
    at process.<anonymous> (C:\Users\Cristian\Documents\GitHub\pokemon-showdown-client\data\pokemon-showdown\.lib-dist\process-manager.js:538:30)
    at process.emit (events.js:315:20)
    at process.EventEmitter.emit (domain.js:467:12)

Additional information:
  formatid = gen8adventuresou
  team = Malus|regigigas|normaliumz|slumber|knockoff,drainpunch,conversion,meteormash|Adamant|248,252,,,8,|||||]Gohin|pangoro|lifeorb|prankster|machpunch,knockoff,partingshot,substitute|Impish|252,252,,,,|||||]Armstrong|articuno|heavydutyboots|snowwarning|freezedry,roost,healbell,uturn|Calm|248,,,8,252,|||S||]Godzilla|tyranitar|tyranitarite|sandstream|stoneedge,earthquake,toxic,poweruppunch|Careful|252,4,,,252,|||||]Bastiodon|||dauntlessshield|gyroball,metalburst,spikes,dragontail|Relaxed|252,,4,,252,||,,,,,0|||]Blissey|||naturalcure|seismictoss|||F||||


TypeError: Cannot set property 'meteorassault' of undefined
    at ModdedDex.init (C:\Users\Cristian\Documents\GitHub\pokemon-showdown-client\data\pokemon-showdown\.data-dist\mods\adventures\scripts.js:282:66)
    at ModdedDex.loadData (C:\Users\Cristian\Documents\GitHub\pokemon-showdown-client\data\pokemon-showdown\.sim-dist\dex.js:1473:34)
    at ModdedDex.includeData (C:\Users\Cristian\Documents\GitHub\pokemon-showdown-client\data\pokemon-showdown\.sim-dist\dex.js:1390:8)
    at ModdedDex.forFormat (C:\Users\Cristian\Documents\GitHub\pokemon-showdown-client\data\pokemon-showdown\.sim-dist\dex.js:194:33)
    at new TeamValidator (C:\Users\Cristian\Documents\GitHub\pokemon-showdown-client\data\pokemon-showdown\.sim-dist\team-validator.js:197:18)
    at Function.get (C:\Users\Cristian\Documents\GitHub\pokemon-showdown-client\data\pokemon-showdown\.sim-dist\team-validator.js:2110:10)
    at QueryProcessManager._query (C:\Users\Cristian\Documents\GitHub\pokemon-showdown-client\data\pokemon-showdown\.server-dist\team-validator-async.js:50:43)
    at process.<anonymous> (C:\Users\Cristian\Documents\GitHub\pokemon-showdown-client\data\pokemon-showdown\.lib-dist\process-manager.js:538:30)
    at process.emit (events.js:315:20)
    at process.EventEmitter.emit (domain.js:467:12)

Additional information:
  formatid = gen8adventuresou
  team = Mamoswine|||oblivious||||||||]Regice|||clearbody|||||,0,,,,|||]Tapu Bulu|||grassysurge|||||,0,,,,|||]Sandshrew|||sandveil||||||||]Honchkrow|||insomnia|knockoff|||||||


TypeError: Cannot set property 'meteormash' of undefined
    at ModdedDex.init (C:\Users\Cristian\Documents\GitHub\pokemon-showdown-client\data\pokemon-showdown\.data-dist\mods\adventures\scripts.js:282:63)
    at ModdedDex.loadData (C:\Users\Cristian\Documents\GitHub\pokemon-showdown-client\data\pokemon-showdown\.sim-dist\dex.js:1473:34)
    at ModdedDex.includeData (C:\Users\Cristian\Documents\GitHub\pokemon-showdown-client\data\pokemon-showdown\.sim-dist\dex.js:1390:8)
    at ModdedDex.forFormat (C:\Users\Cristian\Documents\GitHub\pokemon-showdown-client\data\pokemon-showdown\.sim-dist\dex.js:194:33)
    at new TeamValidator (C:\Users\Cristian\Documents\GitHub\pokemon-showdown-client\data\pokemon-showdown\.sim-dist\team-validator.js:197:18)
    at Function.get (C:\Users\Cristian\Documents\GitHub\pokemon-showdown-client\data\pokemon-showdown\.sim-dist\team-validator.js:2110:10)
    at QueryProcessManager._query (C:\Users\Cristian\Documents\GitHub\pokemon-showdown-client\data\pokemon-showdown\.server-dist\team-validator-async.js:50:43)
    at process.<anonymous> (C:\Users\Cristian\Documents\GitHub\pokemon-showdown-client\data\pokemon-showdown\.lib-dist\process-manager.js:538:30)
    at process.emit (events.js:315:20)
    at process.EventEmitter.emit (domain.js:467:12)

Additional information:
  formatid = gen8adventuresou
  team = Mamoswine|||oblivious||||||||]Regice|||clearbody|||||,0,,,,|||]Tapu Bulu|||grassysurge|||||,0,,,,|||]Sandshrew|||sandveil||||||||]Honchkrow|||insomnia|knockoff|||||||


TypeError: Cannot read property 'secondaries' of undefined
    at Battle.onBoost (C:\Users\Cristian\Documents\GitHub\pokemon-showdown-client\data\pokemon-showdown\.data-dist\mods\adventures\abilities.js:231:30)
    at Battle.runEvent (C:\Users\Cristian\Documents\GitHub\pokemon-showdown-client\data\pokemon-showdown\.sim-dist\battle.js:738:34)
    at Battle.boost (C:\Users\Cristian\Documents\GitHub\pokemon-showdown-client\data\pokemon-showdown\.sim-dist\battle.js:1686:16)
    at Battle.runMoveEffects (C:\Users\Cristian\Documents\GitHub\pokemon-showdown-client\data\pokemon-showdown\.data-dist\scripts.js:899:23)
    at Battle.spreadMoveHit (C:\Users\Cristian\Documents\GitHub\pokemon-showdown-client\data\pokemon-showdown\.data-dist\scripts.js:803:17)
    at Battle.hitStepMoveHitLoop (C:\Users\Cristian\Documents\GitHub\pokemon-showdown-client\data\pokemon-showdown\.data-dist\scripts.js:668:37)
    at Battle.trySpreadMoveHit (C:\Users\Cristian\Documents\GitHub\pokemon-showdown-client\data\pokemon-showdown\.data-dist\scripts.js:353:28)
    at Battle.useMoveInner (C:\Users\Cristian\Documents\GitHub\pokemon-showdown-client\data\pokemon-showdown\.data-dist\scripts.js:274:22)
    at Battle.useMove (C:\Users\Cristian\Documents\GitHub\pokemon-showdown-client\data\pokemon-showdown\.data-dist\scripts.js:141:27)
    at Battle.runMove (C:\Users\Cristian\Documents\GitHub\pokemon-showdown-client\data\pokemon-showdown\.data-dist\scripts.js:96:33)

Additional information:
  chunk = >p2 move 1
  inputLog = 
>version 72c304ed810b2bad7a4bac1988e2a8b51c0a50ef
>version-origin 36fc2fe8ac8d55ce65c902ddad2cbcef2d4266de
>start {"formatid":"gen8adventuresou","seed":[29082,62837,63660,10180]}
>player p1 {"name":"ooway","avatar":"102","team":"Torkoal|||whitesmoke|shellsmash,eruption,earthpower,stoneedge|Rash|,4,,252,,252|||||","rating":0}
>player p2 {"name":"Muhframos","avatar":"benga","team":"Porygon2||eviolite|analytic|snore,rest,shadowball,toxic|Calm|252,,,4,252,|N|,0,,,,|||]Marowak|marowakalola|thickclub|rockhead|flamecharge,flareblitz,wildcharge,bonemerang|Jolly|,252,,,4,252|||||]Turtonator||lifeorb|whitesmoke|shellsmash,flamethrower,dragonpulse,scorchingsands|Modest|,,,252,4,252||,0,,,,|||]Pinsir||pinsirite|sniper|nightslash,closecombat,xscissor,quickattack|Jolly|,252,,,4,252|||||]Metagross||focussash|clearbody|selfdestruct,stealthrock,bulletpunch,zenheadbutt|Adamant|252,252,,,4,|N||||]Cacturne||lifeorb|drought|fakeout,solarblade,suckerpunch,spikyshield|Adamant|248,252,,,8,|||||","rating":0}
>p1 team 1
>p2 team 3, 2, 1, 4, 5, 6
>p1 move shellsmash
>p2 move shellsmash
  log = 
|t:|1612624624
|player|p1|ooway|102|
|player|p2|Muhframos|benga|
|teamsize|p1|1
|teamsize|p2|6
|gametype|singles
|gen|8
|tier|[Gen 8] Adventures OU
|clearpoke
|poke|p1|Torkoal, F|
|poke|p2|Porygon2|
|poke|p2|Marowak-Alola, F|
|poke|p2|Turtonator, M|
|poke|p2|Pinsir, M|
|poke|p2|Metagross|
|poke|p2|Cacturne, M|
|rule|HP Percentage Mod: HP is shown in percentages
|rule|Endless Battle Clause: Forcing endless battles is banned
|rule|OHKO Clause: OHKO moves are banned
|rule|Evasion Moves Clause: Evasion moves are banned
|rule|Species Clause: Limit one of each Pokémon
|rule|Dynamax Clause: You cannot dynamax
|rule|Sleep Clause Mod: Limit one foe put to sleep
|teampreview
|
|t:|1612624629
|start
|switch|p1a: Torkoal|Torkoal, F|321/321
|switch|p2a: Turtonator|Turtonator, M|301/301
|turn|1
|
|t:|1612624636
|move|p2a: Turtonator|Shell Smash|p2a: Turtonator


ReferenceError: showMsg is not defined
    at Battle.onBoost (C:\Users\Cristian\Documents\GitHub\pokemon-showdown-client\data\pokemon-showdown\.data-dist\mods\adventures\abilities.js:226:14)
    at Battle.runEvent (C:\Users\Cristian\Documents\GitHub\pokemon-showdown-client\data\pokemon-showdown\.sim-dist\battle.js:738:34)
    at Battle.boost (C:\Users\Cristian\Documents\GitHub\pokemon-showdown-client\data\pokemon-showdown\.sim-dist\battle.js:1686:16)
    at Battle.runMoveEffects (C:\Users\Cristian\Documents\GitHub\pokemon-showdown-client\data\pokemon-showdown\.data-dist\scripts.js:899:23)
    at Battle.spreadMoveHit (C:\Users\Cristian\Documents\GitHub\pokemon-showdown-client\data\pokemon-showdown\.data-dist\scripts.js:803:17)
    at Battle.hitStepMoveHitLoop (C:\Users\Cristian\Documents\GitHub\pokemon-showdown-client\data\pokemon-showdown\.data-dist\scripts.js:668:37)
    at Battle.trySpreadMoveHit (C:\Users\Cristian\Documents\GitHub\pokemon-showdown-client\data\pokemon-showdown\.data-dist\scripts.js:353:28)
    at Battle.useMoveInner (C:\Users\Cristian\Documents\GitHub\pokemon-showdown-client\data\pokemon-showdown\.data-dist\scripts.js:274:22)
    at Battle.useMove (C:\Users\Cristian\Documents\GitHub\pokemon-showdown-client\data\pokemon-showdown\.data-dist\scripts.js:141:27)
    at Battle.runMove (C:\Users\Cristian\Documents\GitHub\pokemon-showdown-client\data\pokemon-showdown\.data-dist\scripts.js:96:33)

Additional information:
  chunk = >p2 move 1
  inputLog = 
>version 72c304ed810b2bad7a4bac1988e2a8b51c0a50ef
>version-origin 36fc2fe8ac8d55ce65c902ddad2cbcef2d4266de
>start {"formatid":"gen8adventuresou","seed":[40407,33627,39795,60646]}
>player p1 {"name":"Oofway","avatar":"265","team":"Torkoal|||whitesmoke|shellsmash,eruption,smokescreen,stoneedge|Rash|,4,,252,,252|||||","rating":0}
>player p2 {"name":"Muhframos","avatar":"benga","team":"Porygon2||eviolite|analytic|snore,rest,shadowball,toxic|Calm|252,,,4,252,|N|,0,,,,|||]Marowak|marowakalola|thickclub|rockhead|flamecharge,flareblitz,wildcharge,bonemerang|Jolly|,252,,,4,252|||||]Turtonator||lifeorb|whitesmoke|shellsmash,flamethrower,dragonpulse,scorchingsands|Modest|,,,252,4,252||,0,,,,|||]Pinsir||pinsirite|sniper|nightslash,closecombat,xscissor,quickattack|Jolly|,252,,,4,252|||||]Metagross||focussash|clearbody|selfdestruct,stealthrock,bulletpunch,zenheadbutt|Adamant|252,252,,,4,|N||||]Cacturne||lifeorb|drought|fakeout,solarblade,suckerpunch,spikyshield|Adamant|248,252,,,8,|||||","rating":0}
>p1 team 1
>p2 team 3, 2, 1, 4, 5, 6
>p1 move shellsmash
>p2 move shellsmash
  log = 
|t:|1612625744
|player|p1|Oofway|265|
|player|p2|Muhframos|benga|
|teamsize|p1|1
|teamsize|p2|6
|gametype|singles
|gen|8
|tier|[Gen 8] Adventures OU
|clearpoke
|poke|p1|Torkoal, M|
|poke|p2|Porygon2|
|poke|p2|Marowak-Alola, F|
|poke|p2|Turtonator, M|
|poke|p2|Pinsir, M|
|poke|p2|Metagross|
|poke|p2|Cacturne, M|
|rule|HP Percentage Mod: HP is shown in percentages
|rule|Endless Battle Clause: Forcing endless battles is banned
|rule|OHKO Clause: OHKO moves are banned
|rule|Evasion Moves Clause: Evasion moves are banned
|rule|Species Clause: Limit one of each Pokémon
|rule|Dynamax Clause: You cannot dynamax
|rule|Sleep Clause Mod: Limit one foe put to sleep
|teampreview
|
|t:|1612625748
|start
|switch|p1a: Torkoal|Torkoal, M|321/321
|switch|p2a: Turtonator|Turtonator, M|301/301
|turn|1
|
|t:|1612625753
|move|p2a: Turtonator|Shell Smash|p2a: Turtonator


ReferenceError: pokemon is not defined
    at Battle.onSourceAfterFaint (C:\Users\Cristian\Documents\GitHub\pokemon-showdown-client\data\pokemon-showdown\.data-dist\mods\adventures\abilities.js:241:5)
    at Battle.runEvent (C:\Users\Cristian\Documents\GitHub\pokemon-showdown-client\data\pokemon-showdown\.sim-dist\battle.js:738:34)
    at Battle.faintMessages (C:\Users\Cristian\Documents\GitHub\pokemon-showdown-client\data\pokemon-showdown\.sim-dist\battle.js:2489:9)
    at Battle.runAction (C:\Users\Cristian\Documents\GitHub\pokemon-showdown-client\data\pokemon-showdown\.sim-dist\battle.js:2671:8)
    at Battle.go (C:\Users\Cristian\Documents\GitHub\pokemon-showdown-client\data\pokemon-showdown\.sim-dist\battle.js:2772:9)
    at Battle.commitDecisions (C:\Users\Cristian\Documents\GitHub\pokemon-showdown-client\data\pokemon-showdown\.sim-dist\battle.js:2838:8)
    at Battle.choose (C:\Users\Cristian\Documents\GitHub\pokemon-showdown-client\data\pokemon-showdown\.sim-dist\battle.js:2794:35)
    at RoomBattleStream._writeLine (C:\Users\Cristian\Documents\GitHub\pokemon-showdown-client\data\pokemon-showdown\.sim-dist\battle-stream.js:119:17)
    at RoomBattleStream._writeLine (C:\Users\Cristian\Documents\GitHub\pokemon-showdown-client\data\pokemon-showdown\.server-dist\room-battle.js:1255:18)
    at RoomBattleStream._writeLines (C:\Users\Cristian\Documents\GitHub\pokemon-showdown-client\data\pokemon-showdown\.sim-dist\battle-stream.js:77:10)

Additional information:
  chunk = >p1 move 3
  inputLog = 
>version 72c304ed810b2bad7a4bac1988e2a8b51c0a50ef
>version-origin 36fc2fe8ac8d55ce65c902ddad2cbcef2d4266de
>start {"formatid":"gen8adventuresou","seed":[39852,43504,6976,9100]}
>player p1 {"name":"Muhframos","avatar":"benga","team":"Turtonator||lifeorb|whitesmoke|shellsmash,overheat,dracometeor,earthpower|Modest|,,,252,4,252||,0,,,,|||]Salamence||choicespecs|moxie|dragonpulse,fireblast,dracometeor,hurricane|Modest|,,,,252,||,0,,,,|||","rating":0}
>player p2 {"name":"chooway","avatar":"169","team":"Buzzwole||assaultvest|beastboost|closecombat,darkestlariat,dualwingbeat,earthquake|Adamant|252,252,,,4,|N||||]Barraskewda||choiceband|swiftswim|flipturn,aquajet,liquidation,poisonjab|Adamant|,252,,,4,252|||||","rating":0}
>p1 team 2, 1
>p2 team 2, 1
>p1 move dracometeor
>p2 move aquajet
  log = 
|t:|1612755019
|player|p1|Muhframos|benga|
|player|p2|chooway|169|
|teamsize|p1|2
|teamsize|p2|2
|gametype|singles
|gen|8
|tier|[Gen 8] Adventures OU
|clearpoke
|poke|p1|Turtonator, M|
|poke|p1|Salamence, F|
|poke|p2|Buzzwole|
|poke|p2|Barraskewda, F|
|rule|HP Percentage Mod: HP is shown in percentages
|rule|Endless Battle Clause: Forcing endless battles is banned
|rule|OHKO Clause: OHKO moves are banned
|rule|Evasion Moves Clause: Evasion moves are banned
|rule|Species Clause: Limit one of each Pokémon
|rule|Dynamax Clause: You cannot dynamax
|rule|Sleep Clause Mod: Limit one foe put to sleep
|teampreview
|
|t:|1612755024
|start
|switch|p1a: Salamence|Salamence, F|331/331
|switch|p2a: Barraskewda|Barraskewda, F|263/263
|turn|1
|
|t:|1612755030
|move|p2a: Barraskewda|Aqua Jet|p1a: Salamence
|-resisted|p1a: Salamence
|-damage|p1a: Salamence|266/331
|move|p1a: Salamence|Draco Meteor|p2a: Barraskewda
|-damage|p2a: Barraskewda|0 fnt
|-unboost|p1a: Salamence|spa|2
|faint|p2a: Barraskewda


ReferenceError: pokemon is not defined
    at Battle.onSourceAfterFaint (C:\Users\Cristian\Documents\GitHub\pokemon-showdown-client\data\pokemon-showdown\.data-dist\mods\adventures\abilities.js:244:33)
    at Battle.runEvent (C:\Users\Cristian\Documents\GitHub\pokemon-showdown-client\data\pokemon-showdown\.sim-dist\battle.js:738:34)
    at Battle.faintMessages (C:\Users\Cristian\Documents\GitHub\pokemon-showdown-client\data\pokemon-showdown\.sim-dist\battle.js:2489:9)
    at Battle.runAction (C:\Users\Cristian\Documents\GitHub\pokemon-showdown-client\data\pokemon-showdown\.sim-dist\battle.js:2671:8)
    at Battle.go (C:\Users\Cristian\Documents\GitHub\pokemon-showdown-client\data\pokemon-showdown\.sim-dist\battle.js:2772:9)
    at Battle.commitDecisions (C:\Users\Cristian\Documents\GitHub\pokemon-showdown-client\data\pokemon-showdown\.sim-dist\battle.js:2838:8)
    at Battle.choose (C:\Users\Cristian\Documents\GitHub\pokemon-showdown-client\data\pokemon-showdown\.sim-dist\battle.js:2794:35)
    at RoomBattleStream._writeLine (C:\Users\Cristian\Documents\GitHub\pokemon-showdown-client\data\pokemon-showdown\.sim-dist\battle-stream.js:119:17)
    at RoomBattleStream._writeLine (C:\Users\Cristian\Documents\GitHub\pokemon-showdown-client\data\pokemon-showdown\.server-dist\room-battle.js:1255:18)
    at RoomBattleStream._writeLines (C:\Users\Cristian\Documents\GitHub\pokemon-showdown-client\data\pokemon-showdown\.sim-dist\battle-stream.js:77:10)

Additional information:
  chunk = >p2 move 1
  inputLog = 
>version 72c304ed810b2bad7a4bac1988e2a8b51c0a50ef
>version-origin 36fc2fe8ac8d55ce65c902ddad2cbcef2d4266de
>start {"formatid":"gen8adventuresou","seed":[15613,33838,19326,905]}
>player p1 {"name":"wooway","avatar":"266","team":"Buzzwole||assaultvest|beastboost|closecombat,darkestlariat,dualwingbeat,earthquake|Adamant|252,252,,,4,|N||||]Barraskewda||choiceband|swiftswim|flipturn,aquajet,liquidation,poisonjab|Adamant|,252,,,4,252|||||","rating":0}
>player p2 {"name":"Muhframos","avatar":"benga","team":"Turtonator||lifeorb|whitesmoke|shellsmash,overheat,dracometeor,earthpower|Modest|,,,252,4,252||,0,,,,|||]Salamence||choicespecs|moxie|dragonpulse,fireblast,dracometeor,hurricane|Modest|,,,,252,||,0,,,,|||","rating":0}
>p1 team 2, 1
>p2 team 2, 1
>p1 move aquajet
>p2 move dragonpulse
  log = 
|t:|1612756406
|player|p1|wooway|266|
|player|p2|Muhframos|benga|
|teamsize|p1|2
|teamsize|p2|2
|gametype|singles
|gen|8
|tier|[Gen 8] Adventures OU
|clearpoke
|poke|p1|Buzzwole|
|poke|p1|Barraskewda, M|
|poke|p2|Turtonator, F|
|poke|p2|Salamence, M|
|rule|HP Percentage Mod: HP is shown in percentages
|rule|Endless Battle Clause: Forcing endless battles is banned
|rule|OHKO Clause: OHKO moves are banned
|rule|Evasion Moves Clause: Evasion moves are banned
|rule|Species Clause: Limit one of each Pokémon
|rule|Dynamax Clause: You cannot dynamax
|rule|Sleep Clause Mod: Limit one foe put to sleep
|teampreview
|
|t:|1612756409
|start
|switch|p1a: Barraskewda|Barraskewda, M|263/263
|switch|p2a: Salamence|Salamence, M|331/331
|turn|1
|
|t:|1612756413
|move|p1a: Barraskewda|Aqua Jet|p2a: Salamence
|-resisted|p2a: Salamence
|-damage|p2a: Salamence|262/331
|move|p2a: Salamence|Dragon Pulse|p1a: Barraskewda
|-damage|p1a: Barraskewda|0 fnt
|faint|p1a: Barraskewda


Error [ERR_IPC_DISCONNECTED]: IPC channel is already disconnected
    at ChildProcess.target.disconnect (internal/child_process.js:858:26)
    at QueryProcessWrapper.destroy (C:\Users\Cristian\Documents\GitHub\pokemon-showdown-client\data\pokemon-showdown\.lib-dist\process-manager.js:178:16)
    at QueryProcessWrapper.release (C:\Users\Cristian\Documents\GitHub\pokemon-showdown-client\data\pokemon-showdown\.lib-dist\process-manager.js:164:9)
    at QueryProcessManager.releaseCrashed (C:\Users\Cristian\Documents\GitHub\pokemon-showdown-client\data\pokemon-showdown\.lib-dist\process-manager.js:421:16)
    at ChildProcess.<anonymous> (C:\Users\Cristian\Documents\GitHub\pokemon-showdown-client\data\pokemon-showdown\.lib-dist\process-manager.js:468:48)
    at ChildProcess.emit (events.js:315:20)
    at ChildProcess.EventEmitter.emit (domain.js:467:12)
    at finish (internal/child_process.js:888:14)
    at processTicksAndRejections (internal/process/task_queues.js:75:11)

Error [ERR_IPC_DISCONNECTED]: IPC channel is already disconnected
    at ChildProcess.target.disconnect (internal/child_process.js:858:26)
    at QueryProcessWrapper.destroy (C:\Users\Cristian\Documents\GitHub\pokemon-showdown-client\data\pokemon-showdown\.lib-dist\process-manager.js:178:16)
    at QueryProcessWrapper.release (C:\Users\Cristian\Documents\GitHub\pokemon-showdown-client\data\pokemon-showdown\.lib-dist\process-manager.js:164:9)
    at QueryProcessManager.releaseCrashed (C:\Users\Cristian\Documents\GitHub\pokemon-showdown-client\data\pokemon-showdown\.lib-dist\process-manager.js:421:16)
    at ChildProcess.<anonymous> (C:\Users\Cristian\Documents\GitHub\pokemon-showdown-client\data\pokemon-showdown\.lib-dist\process-manager.js:468:48)
    at ChildProcess.emit (events.js:315:20)
    at ChildProcess.EventEmitter.emit (domain.js:467:12)
    at finish (internal/child_process.js:888:14)
    at processTicksAndRejections (internal/process/task_queues.js:75:11)

Error [ERR_IPC_DISCONNECTED]: IPC channel is already disconnected
    at ChildProcess.target.disconnect (internal/child_process.js:858:26)
    at QueryProcessWrapper.destroy (C:\Users\Cristian\Documents\GitHub\pokemon-showdown-client\data\pokemon-showdown\.lib-dist\process-manager.js:178:16)
    at QueryProcessWrapper.release (C:\Users\Cristian\Documents\GitHub\pokemon-showdown-client\data\pokemon-showdown\.lib-dist\process-manager.js:164:9)
    at QueryProcessManager.releaseCrashed (C:\Users\Cristian\Documents\GitHub\pokemon-showdown-client\data\pokemon-showdown\.lib-dist\process-manager.js:421:16)
    at ChildProcess.<anonymous> (C:\Users\Cristian\Documents\GitHub\pokemon-showdown-client\data\pokemon-showdown\.lib-dist\process-manager.js:468:48)
    at ChildProcess.emit (events.js:315:20)
    at ChildProcess.EventEmitter.emit (domain.js:467:12)
    at finish (internal/child_process.js:888:14)
    at processTicksAndRejections (internal/process/task_queues.js:75:11)

Error [ERR_IPC_DISCONNECTED]: IPC channel is already disconnected
    at ChildProcess.target.disconnect (internal/child_process.js:858:26)
    at QueryProcessWrapper.destroy (C:\Users\Cristian\Documents\GitHub\pokemon-showdown-client\data\pokemon-showdown\.lib-dist\process-manager.js:178:16)
    at QueryProcessWrapper.release (C:\Users\Cristian\Documents\GitHub\pokemon-showdown-client\data\pokemon-showdown\.lib-dist\process-manager.js:164:9)
    at QueryProcessManager.releaseCrashed (C:\Users\Cristian\Documents\GitHub\pokemon-showdown-client\data\pokemon-showdown\.lib-dist\process-manager.js:421:16)
    at ChildProcess.<anonymous> (C:\Users\Cristian\Documents\GitHub\pokemon-showdown-client\data\pokemon-showdown\.lib-dist\process-manager.js:468:48)
    at ChildProcess.emit (events.js:315:20)
    at ChildProcess.EventEmitter.emit (domain.js:467:12)
    at finish (internal/child_process.js:888:14)
    at processTicksAndRejections (internal/process/task_queues.js:75:11)

Error: Process sockets.js 5500 crashed and had to be restarted
    at RawProcessManager.releaseCrashed (C:\Users\Cristian\Documents\GitHub\pokemon-showdown-client\data\pokemon-showdown\.lib-dist\process-manager.js:437:4)
    at Worker.<anonymous> (C:\Users\Cristian\Documents\GitHub\pokemon-showdown-client\data\pokemon-showdown\.lib-dist\process-manager.js:468:48)
    at Worker.emit (events.js:315:20)
    at Worker.EventEmitter.emit (domain.js:467:12)
    at ChildProcess.<anonymous> (internal/cluster/master.js:220:12)
    at Object.onceWrapper (events.js:421:28)
    at ChildProcess.emit (events.js:315:20)
    at ChildProcess.EventEmitter.emit (domain.js:467:12)
    at finish (internal/child_process.js:888:14)
    at processTicksAndRejections (internal/process/task_queues.js:75:11)

Error: Process room-battle.js 6976 crashed and had to be restarted
    at StreamProcessManager.releaseCrashed (C:\Users\Cristian\Documents\GitHub\pokemon-showdown-client\data\pokemon-showdown\.lib-dist\process-manager.js:437:4)
    at ChildProcess.<anonymous> (C:\Users\Cristian\Documents\GitHub\pokemon-showdown-client\data\pokemon-showdown\.lib-dist\process-manager.js:468:48)
    at ChildProcess.emit (events.js:315:20)
    at ChildProcess.EventEmitter.emit (domain.js:467:12)
    at finish (internal/child_process.js:888:14)
    at processTicksAndRejections (internal/process/task_queues.js:75:11)

Error [ERR_IPC_DISCONNECTED]: IPC channel is already disconnected
    at ChildProcess.target.disconnect (internal/child_process.js:858:26)
    at QueryProcessWrapper.destroy (C:\Users\Cristian\Documents\GitHub\pokemon-showdown-client\data\pokemon-showdown\.lib-dist\process-manager.js:178:16)
    at QueryProcessWrapper.release (C:\Users\Cristian\Documents\GitHub\pokemon-showdown-client\data\pokemon-showdown\.lib-dist\process-manager.js:164:9)
    at QueryProcessManager.releaseCrashed (C:\Users\Cristian\Documents\GitHub\pokemon-showdown-client\data\pokemon-showdown\.lib-dist\process-manager.js:421:16)
    at ChildProcess.<anonymous> (C:\Users\Cristian\Documents\GitHub\pokemon-showdown-client\data\pokemon-showdown\.lib-dist\process-manager.js:468:48)
    at ChildProcess.emit (events.js:315:20)
    at ChildProcess.EventEmitter.emit (domain.js:467:12)
    at finish (internal/child_process.js:888:14)
    at processTicksAndRejections (internal/process/task_queues.js:75:11)

Error: Cannot find module '../....................................................................................................................sim-dist-dist-dist-dist-dist-dist-dist-dist-dist-dist-dist-dist-dist-dist-dist-dist-dist-dist-dist-dist-dist-dist-dist-dist-dist-dist-dist-dist-dist-dist-dist-dist-dist-dist-dist-dist-dist-dist-dist-dist-dist-dist-dist-dist-dist-dist-dist-dist-dist-dist-dist-dist-dist-dist-dist-dist-dist-dist-dist-dist-dist-dist-dist-dist-dist-dist-dist-dist-dist-dist-dist-dist-dist-dist-dist-dist-dist-dist-dist-dist-dist-dist-dist-dist-dist-dist-dist-dist-dist-dist-dist-dist-dist-dist-dist-dist-dist-dist-dist-dist-dist-dist-dist-dist-dist-dist-dist-dist-dist-dist-dist-dist-dist-dist-dist-dist/dex'
Require stack:
- C:\Users\Cristian\Documents\GitHub\pokemon-showdown-client\data\pokemon-showdown\.data-dist\mods\adventures\random-teams.js
- C:\Users\Cristian\Documents\GitHub\pokemon-showdown-client\data\pokemon-showdown\.sim-dist\dex.js
- C:\Users\Cristian\Documents\GitHub\pokemon-showdown-client\data\pokemon-showdown\.sim-dist\battle.js
- C:\Users\Cristian\Documents\GitHub\pokemon-showdown-client\data\pokemon-showdown\.sim-dist\battle-stream.js
- C:\Users\Cristian\Documents\GitHub\pokemon-showdown-client\data\pokemon-showdown\.server-dist\room-battle.js
    at Function.Module._resolveFilename (internal/modules/cjs/loader.js:880:15)
    at Function.Module._load (internal/modules/cjs/loader.js:725:27)
    at Module.require (internal/modules/cjs/loader.js:952:19)
    at require (internal/modules/cjs/helpers.js:88:18)
    at Object.<anonymous> (C:\Users\Cristian\Documents\GitHub\pokemon-showdown-client\data\pokemon-showdown\.data-dist\mods\adventures\random-teams.js:3:12)
    at Module._compile (internal/modules/cjs/loader.js:1063:30)
    at Object.Module._extensions..js (internal/modules/cjs/loader.js:1092:10)
    at Module.load (internal/modules/cjs/loader.js:928:32)
    at Function.Module._load (internal/modules/cjs/loader.js:769:14)
    at Module.require (internal/modules/cjs/loader.js:952:19)

Additional information:
  chunk = >player p1 {"name":"OOOOway","avatar":"265","team":"","rating":0}
  inputLog = 
>version 9e1a9f111084943f4585281ab87145d37cf09598
>start {"formatid":"gen8adventuresrandombattles","seed":[42752,61160,63762,38126]}
  log = 
|t:|1612981425


Error: Cannot find module '../....................................................................................................................sim-dist-dist-dist-dist-dist-dist-dist-dist-dist-dist-dist-dist-dist-dist-dist-dist-dist-dist-dist-dist-dist-dist-dist-dist-dist-dist-dist-dist-dist-dist-dist-dist-dist-dist-dist-dist-dist-dist-dist-dist-dist-dist-dist-dist-dist-dist-dist-dist-dist-dist-dist-dist-dist-dist-dist-dist-dist-dist-dist-dist-dist-dist-dist-dist-dist-dist-dist-dist-dist-dist-dist-dist-dist-dist-dist-dist-dist-dist-dist-dist-dist-dist-dist-dist-dist-dist-dist-dist-dist-dist-dist-dist-dist-dist-dist-dist-dist-dist-dist-dist-dist-dist-dist-dist-dist-dist-dist-dist-dist-dist-dist-dist-dist-dist-dist-dist/dex'
Require stack:
- C:\Users\Cristian\Documents\GitHub\pokemon-showdown-client\data\pokemon-showdown\.data-dist\mods\adventures\random-teams.js
- C:\Users\Cristian\Documents\GitHub\pokemon-showdown-client\data\pokemon-showdown\.sim-dist\dex.js
- C:\Users\Cristian\Documents\GitHub\pokemon-showdown-client\data\pokemon-showdown\.sim-dist\battle.js
- C:\Users\Cristian\Documents\GitHub\pokemon-showdown-client\data\pokemon-showdown\.sim-dist\battle-stream.js
- C:\Users\Cristian\Documents\GitHub\pokemon-showdown-client\data\pokemon-showdown\.server-dist\room-battle.js
    at Function.Module._resolveFilename (internal/modules/cjs/loader.js:880:15)
    at Function.Module._load (internal/modules/cjs/loader.js:725:27)
    at Module.require (internal/modules/cjs/loader.js:952:19)
    at require (internal/modules/cjs/helpers.js:88:18)
    at Object.<anonymous> (C:\Users\Cristian\Documents\GitHub\pokemon-showdown-client\data\pokemon-showdown\.data-dist\mods\adventures\random-teams.js:3:12)
    at Module._compile (internal/modules/cjs/loader.js:1063:30)
    at Object.Module._extensions..js (internal/modules/cjs/loader.js:1092:10)
    at Module.load (internal/modules/cjs/loader.js:928:32)
    at Function.Module._load (internal/modules/cjs/loader.js:769:14)
    at Module.require (internal/modules/cjs/loader.js:952:19)

Additional information:
  chunk = >player p2 {"name":"Muhframos","avatar":"benga","team":"","rating":0}
  inputLog = 
>version 9e1a9f111084943f4585281ab87145d37cf09598
>start {"formatid":"gen8adventuresrandombattles","seed":[42752,61160,63762,38126]}
  log = 
|t:|1612981425


Error: Cannot find module '../....................................................................................................................sim-dist-dist-dist-dist-dist-dist-dist-dist-dist-dist-dist-dist-dist-dist-dist-dist-dist-dist-dist-dist-dist-dist-dist-dist-dist-dist-dist-dist-dist-dist-dist-dist-dist-dist-dist-dist-dist-dist-dist-dist-dist-dist-dist-dist-dist-dist-dist-dist-dist-dist-dist-dist-dist-dist-dist-dist-dist-dist-dist-dist-dist-dist-dist-dist-dist-dist-dist-dist-dist-dist-dist-dist-dist-dist-dist-dist-dist-dist-dist-dist-dist-dist-dist-dist-dist-dist-dist-dist-dist-dist-dist-dist-dist-dist-dist-dist-dist-dist-dist-dist-dist-dist-dist-dist-dist-dist-dist-dist-dist-dist-dist-dist-dist-dist-dist-dist/dex'
Require stack:
- C:\Users\Cristian\Documents\GitHub\pokemon-showdown-client\data\pokemon-showdown\.data-dist\mods\adventures\random-teams.js
- C:\Users\Cristian\Documents\GitHub\pokemon-showdown-client\data\pokemon-showdown\.sim-dist\dex.js
- C:\Users\Cristian\Documents\GitHub\pokemon-showdown-client\data\pokemon-showdown\.sim-dist\battle.js
- C:\Users\Cristian\Documents\GitHub\pokemon-showdown-client\data\pokemon-showdown\.sim-dist\battle-stream.js
- C:\Users\Cristian\Documents\GitHub\pokemon-showdown-client\data\pokemon-showdown\.server-dist\room-battle.js
    at Function.Module._resolveFilename (internal/modules/cjs/loader.js:880:15)
    at Function.Module._load (internal/modules/cjs/loader.js:725:27)
    at Module.require (internal/modules/cjs/loader.js:952:19)
    at require (internal/modules/cjs/helpers.js:88:18)
    at Object.<anonymous> (C:\Users\Cristian\Documents\GitHub\pokemon-showdown-client\data\pokemon-showdown\.data-dist\mods\adventures\random-teams.js:3:12)
    at Module._compile (internal/modules/cjs/loader.js:1063:30)
    at Object.Module._extensions..js (internal/modules/cjs/loader.js:1092:10)
    at Module.load (internal/modules/cjs/loader.js:928:32)
    at Function.Module._load (internal/modules/cjs/loader.js:769:14)
    at Module.require (internal/modules/cjs/loader.js:952:19)

Additional information:
  chunk = >player p1 {"name":"OOOOWAY","avatar":"265","team":"","rating":0}
  inputLog = 
>version 9e1a9f111084943f4585281ab87145d37cf09598
>start {"formatid":"gen8adventuresrandombattles","seed":[60618,92,8426,10567]}
  log = 
|t:|1612981528


Error: Cannot find module '../....................................................................................................................sim-dist-dist-dist-dist-dist-dist-dist-dist-dist-dist-dist-dist-dist-dist-dist-dist-dist-dist-dist-dist-dist-dist-dist-dist-dist-dist-dist-dist-dist-dist-dist-dist-dist-dist-dist-dist-dist-dist-dist-dist-dist-dist-dist-dist-dist-dist-dist-dist-dist-dist-dist-dist-dist-dist-dist-dist-dist-dist-dist-dist-dist-dist-dist-dist-dist-dist-dist-dist-dist-dist-dist-dist-dist-dist-dist-dist-dist-dist-dist-dist-dist-dist-dist-dist-dist-dist-dist-dist-dist-dist-dist-dist-dist-dist-dist-dist-dist-dist-dist-dist-dist-dist-dist-dist-dist-dist-dist-dist-dist-dist-dist-dist-dist-dist-dist-dist/dex'
Require stack:
- C:\Users\Cristian\Documents\GitHub\pokemon-showdown-client\data\pokemon-showdown\.data-dist\mods\adventures\random-teams.js
- C:\Users\Cristian\Documents\GitHub\pokemon-showdown-client\data\pokemon-showdown\.sim-dist\dex.js
- C:\Users\Cristian\Documents\GitHub\pokemon-showdown-client\data\pokemon-showdown\.sim-dist\battle.js
- C:\Users\Cristian\Documents\GitHub\pokemon-showdown-client\data\pokemon-showdown\.sim-dist\battle-stream.js
- C:\Users\Cristian\Documents\GitHub\pokemon-showdown-client\data\pokemon-showdown\.server-dist\room-battle.js
    at Function.Module._resolveFilename (internal/modules/cjs/loader.js:880:15)
    at Function.Module._load (internal/modules/cjs/loader.js:725:27)
    at Module.require (internal/modules/cjs/loader.js:952:19)
    at require (internal/modules/cjs/helpers.js:88:18)
    at Object.<anonymous> (C:\Users\Cristian\Documents\GitHub\pokemon-showdown-client\data\pokemon-showdown\.data-dist\mods\adventures\random-teams.js:3:12)
    at Module._compile (internal/modules/cjs/loader.js:1063:30)
    at Object.Module._extensions..js (internal/modules/cjs/loader.js:1092:10)
    at Module.load (internal/modules/cjs/loader.js:928:32)
    at Function.Module._load (internal/modules/cjs/loader.js:769:14)
    at Module.require (internal/modules/cjs/loader.js:952:19)

Additional information:
  chunk = >player p2 {"name":"Muhframos","avatar":"benga","team":"","rating":0}
  inputLog = 
>version 9e1a9f111084943f4585281ab87145d37cf09598
>start {"formatid":"gen8adventuresrandombattles","seed":[60618,92,8426,10567]}
  log = 
|t:|1612981528


Error: Cannot find module '../....................................................................................................................sim-dist-dist-dist-dist-dist-dist-dist-dist-dist-dist-dist-dist-dist-dist-dist-dist-dist-dist-dist-dist-dist-dist-dist-dist-dist-dist-dist-dist-dist-dist-dist-dist-dist-dist-dist-dist-dist-dist-dist-dist-dist-dist-dist-dist-dist-dist-dist-dist-dist-dist-dist-dist-dist-dist-dist-dist-dist-dist-dist-dist-dist-dist-dist-dist-dist-dist-dist-dist-dist-dist-dist-dist-dist-dist-dist-dist-dist-dist-dist-dist-dist-dist-dist-dist-dist-dist-dist-dist-dist-dist-dist-dist-dist-dist-dist-dist-dist-dist-dist-dist-dist-dist-dist-dist-dist-dist-dist-dist-dist-dist-dist-dist-dist-dist-dist-dist/dex'
Require stack:
- C:\Users\Cristian\Documents\GitHub\pokemon-showdown-client\data\pokemon-showdown\.data-dist\mods\adventures\random-teams.js
- C:\Users\Cristian\Documents\GitHub\pokemon-showdown-client\data\pokemon-showdown\.sim-dist\dex.js
- C:\Users\Cristian\Documents\GitHub\pokemon-showdown-client\data\pokemon-showdown\.sim-dist\battle.js
- C:\Users\Cristian\Documents\GitHub\pokemon-showdown-client\data\pokemon-showdown\.sim-dist\battle-stream.js
- C:\Users\Cristian\Documents\GitHub\pokemon-showdown-client\data\pokemon-showdown\.server-dist\room-battle.js
    at Function.Module._resolveFilename (internal/modules/cjs/loader.js:880:15)
    at Function.Module._load (internal/modules/cjs/loader.js:725:27)
    at Module.require (internal/modules/cjs/loader.js:952:19)
    at require (internal/modules/cjs/helpers.js:88:18)
    at Object.<anonymous> (C:\Users\Cristian\Documents\GitHub\pokemon-showdown-client\data\pokemon-showdown\.data-dist\mods\adventures\random-teams.js:3:12)
    at Module._compile (internal/modules/cjs/loader.js:1063:30)
    at Object.Module._extensions..js (internal/modules/cjs/loader.js:1092:10)
    at Module.load (internal/modules/cjs/loader.js:928:32)
    at Function.Module._load (internal/modules/cjs/loader.js:769:14)
    at Module.require (internal/modules/cjs/loader.js:952:19)

Additional information:
  chunk = >player p1 {"name":"Ooway","avatar":"170","team":"","rating":0}
  inputLog = 
>version 9e1a9f111084943f4585281ab87145d37cf09598
>start {"formatid":"gen8adventuresrandombattles","seed":[20541,34070,6470,20271]}
  log = 
|t:|1612981859


Error: Cannot find module '../....................................................................................................................sim-dist-dist-dist-dist-dist-dist-dist-dist-dist-dist-dist-dist-dist-dist-dist-dist-dist-dist-dist-dist-dist-dist-dist-dist-dist-dist-dist-dist-dist-dist-dist-dist-dist-dist-dist-dist-dist-dist-dist-dist-dist-dist-dist-dist-dist-dist-dist-dist-dist-dist-dist-dist-dist-dist-dist-dist-dist-dist-dist-dist-dist-dist-dist-dist-dist-dist-dist-dist-dist-dist-dist-dist-dist-dist-dist-dist-dist-dist-dist-dist-dist-dist-dist-dist-dist-dist-dist-dist-dist-dist-dist-dist-dist-dist-dist-dist-dist-dist-dist-dist-dist-dist-dist-dist-dist-dist-dist-dist-dist-dist-dist-dist-dist-dist-dist-dist/dex'
Require stack:
- C:\Users\Cristian\Documents\GitHub\pokemon-showdown-client\data\pokemon-showdown\.data-dist\mods\adventures\random-teams.js
- C:\Users\Cristian\Documents\GitHub\pokemon-showdown-client\data\pokemon-showdown\.sim-dist\dex.js
- C:\Users\Cristian\Documents\GitHub\pokemon-showdown-client\data\pokemon-showdown\.sim-dist\battle.js
- C:\Users\Cristian\Documents\GitHub\pokemon-showdown-client\data\pokemon-showdown\.sim-dist\battle-stream.js
- C:\Users\Cristian\Documents\GitHub\pokemon-showdown-client\data\pokemon-showdown\.server-dist\room-battle.js
    at Function.Module._resolveFilename (internal/modules/cjs/loader.js:880:15)
    at Function.Module._load (internal/modules/cjs/loader.js:725:27)
    at Module.require (internal/modules/cjs/loader.js:952:19)
    at require (internal/modules/cjs/helpers.js:88:18)
    at Object.<anonymous> (C:\Users\Cristian\Documents\GitHub\pokemon-showdown-client\data\pokemon-showdown\.data-dist\mods\adventures\random-teams.js:3:12)
    at Module._compile (internal/modules/cjs/loader.js:1063:30)
    at Object.Module._extensions..js (internal/modules/cjs/loader.js:1092:10)
    at Module.load (internal/modules/cjs/loader.js:928:32)
    at Function.Module._load (internal/modules/cjs/loader.js:769:14)
    at Module.require (internal/modules/cjs/loader.js:952:19)

Additional information:
  chunk = >player p2 {"name":"Muhframos","avatar":"benga","team":"","rating":0}
  inputLog = 
>version 9e1a9f111084943f4585281ab87145d37cf09598
>start {"formatid":"gen8adventuresrandombattles","seed":[20541,34070,6470,20271]}
  log = 
|t:|1612981859


ReferenceError: pokemon is not defined
    at ModdedDex.init (C:\Users\Ben\Desktop\pokemon-showdown\.data-dist\mods\adventures\scripts.js:592:3)
    at ModdedDex.loadData (C:\Users\Ben\Desktop\pokemon-showdown\.sim-dist\dex.js:1473:34)
    at ModdedDex.includeData (C:\Users\Ben\Desktop\pokemon-showdown\.sim-dist\dex.js:1390:8)
    at ModdedDex.forFormat (C:\Users\Ben\Desktop\pokemon-showdown\.sim-dist\dex.js:194:33)
    at new TeamValidator (C:\Users\Ben\Desktop\pokemon-showdown\.sim-dist\team-validator.js:197:18)
    at Function.get (C:\Users\Ben\Desktop\pokemon-showdown\.sim-dist\team-validator.js:2110:10)
    at QueryProcessManager._query (C:\Users\Ben\Desktop\pokemon-showdown\.server-dist\team-validator-async.js:50:43)
    at process.<anonymous> (C:\Users\Ben\Desktop\pokemon-showdown\.lib-dist\process-manager.js:538:30)
    at process.emit (events.js:315:20)
    at process.EventEmitter.emit (domain.js:467:12)

Additional information:
  formatid = gen8adventuresag
  team = Bruxish||lifeorb|wonderskin|psychicfangs,waterfall,crunch,icefang|Adamant|,252,,,4,252|||||]Bruxish||choiceband|wonderskin|psychicfangs,waterfall,crunch,icefang|Adamant|,252,,,4,252|||||]Bruxish||laggingtail|wonderskin|psychicfangs,waterfall,crunch,icefang|Adamant|,252,,,4,252|||||]Bruxish||assaultvest|wonderskin|psychicfangs,waterfall,crunch,icefang|Adamant|,252,,,4,252|||||]Bruxish||weaknesspolicy|wonderskin|psychicfangs,waterfall,crunch,icefang|Adamant|,252,,,4,252|||||]Bruxish||choicescarf|wonderskin|psychicfangs,waterfall,crunch,icefang|Adamant|,252,,,4,252|||||


Error [ERR_IPC_DISCONNECTED]: IPC channel is already disconnected
    at ChildProcess.target.disconnect (internal/child_process.js:858:26)
    at QueryProcessWrapper.destroy (C:\Users\Ben\Desktop\pokemon-showdown\.lib-dist\process-manager.js:178:16)
    at QueryProcessWrapper.release (C:\Users\Ben\Desktop\pokemon-showdown\.lib-dist\process-manager.js:164:9)
    at QueryProcessManager.releaseCrashed (C:\Users\Ben\Desktop\pokemon-showdown\.lib-dist\process-manager.js:421:16)
    at ChildProcess.<anonymous> (C:\Users\Ben\Desktop\pokemon-showdown\.lib-dist\process-manager.js:468:48)
    at ChildProcess.emit (events.js:315:20)
    at ChildProcess.EventEmitter.emit (domain.js:467:12)
    at finish (internal/child_process.js:888:14)
    at processTicksAndRejections (internal/process/task_queues.js:75:11)

Error [ERR_IPC_DISCONNECTED]: IPC channel is already disconnected
    at ChildProcess.target.disconnect (internal/child_process.js:858:26)
    at QueryProcessWrapper.destroy (C:\Users\Ben\Desktop\pokemon-showdown\.lib-dist\process-manager.js:178:16)
    at QueryProcessWrapper.release (C:\Users\Ben\Desktop\pokemon-showdown\.lib-dist\process-manager.js:164:9)
    at QueryProcessManager.releaseCrashed (C:\Users\Ben\Desktop\pokemon-showdown\.lib-dist\process-manager.js:421:16)
    at ChildProcess.<anonymous> (C:\Users\Ben\Desktop\pokemon-showdown\.lib-dist\process-manager.js:468:48)
    at ChildProcess.emit (events.js:315:20)
    at ChildProcess.EventEmitter.emit (domain.js:467:12)
    at finish (internal/child_process.js:888:14)
    at processTicksAndRejections (internal/process/task_queues.js:75:11)

Error [ERR_IPC_DISCONNECTED]: IPC channel is already disconnected
    at ChildProcess.target.disconnect (internal/child_process.js:858:26)
    at QueryProcessWrapper.destroy (C:\Users\Ben\Desktop\pokemon-showdown\.lib-dist\process-manager.js:178:16)
    at QueryProcessWrapper.release (C:\Users\Ben\Desktop\pokemon-showdown\.lib-dist\process-manager.js:164:9)
    at QueryProcessManager.releaseCrashed (C:\Users\Ben\Desktop\pokemon-showdown\.lib-dist\process-manager.js:421:16)
    at ChildProcess.<anonymous> (C:\Users\Ben\Desktop\pokemon-showdown\.lib-dist\process-manager.js:468:48)
    at ChildProcess.emit (events.js:315:20)
    at ChildProcess.EventEmitter.emit (domain.js:467:12)
    at finish (internal/child_process.js:888:14)
    at processTicksAndRejections (internal/process/task_queues.js:75:11)

Error [ERR_IPC_DISCONNECTED]: IPC channel is already disconnected
    at ChildProcess.target.disconnect (internal/child_process.js:858:26)
    at QueryProcessWrapper.destroy (C:\Users\Ben\Desktop\pokemon-showdown\.lib-dist\process-manager.js:178:16)
    at QueryProcessWrapper.release (C:\Users\Ben\Desktop\pokemon-showdown\.lib-dist\process-manager.js:164:9)
    at QueryProcessManager.releaseCrashed (C:\Users\Ben\Desktop\pokemon-showdown\.lib-dist\process-manager.js:421:16)
    at ChildProcess.<anonymous> (C:\Users\Ben\Desktop\pokemon-showdown\.lib-dist\process-manager.js:468:48)
    at ChildProcess.emit (events.js:315:20)
    at ChildProcess.EventEmitter.emit (domain.js:467:12)
    at finish (internal/child_process.js:888:14)
    at processTicksAndRejections (internal/process/task_queues.js:75:11)

Error: Process sockets.js 13736 crashed and had to be restarted
    at RawProcessManager.releaseCrashed (C:\Users\Ben\Desktop\pokemon-showdown\.lib-dist\process-manager.js:437:4)
    at Worker.<anonymous> (C:\Users\Ben\Desktop\pokemon-showdown\.lib-dist\process-manager.js:468:48)
    at Worker.emit (events.js:315:20)
    at Worker.EventEmitter.emit (domain.js:467:12)
    at ChildProcess.<anonymous> (internal/cluster/master.js:220:12)
    at Object.onceWrapper (events.js:421:28)
    at ChildProcess.emit (events.js:315:20)
    at ChildProcess.EventEmitter.emit (domain.js:467:12)
    at finish (internal/child_process.js:888:14)
    at processTicksAndRejections (internal/process/task_queues.js:75:11)

Error [ERR_IPC_DISCONNECTED]: IPC channel is already disconnected
    at ChildProcess.target.disconnect (internal/child_process.js:858:26)
    at QueryProcessWrapper.destroy (C:\Users\Ben\Desktop\pokemon-showdown\.lib-dist\process-manager.js:178:16)
    at QueryProcessWrapper.release (C:\Users\Ben\Desktop\pokemon-showdown\.lib-dist\process-manager.js:164:9)
    at QueryProcessManager.releaseCrashed (C:\Users\Ben\Desktop\pokemon-showdown\.lib-dist\process-manager.js:421:16)
    at ChildProcess.<anonymous> (C:\Users\Ben\Desktop\pokemon-showdown\.lib-dist\process-manager.js:468:48)
    at ChildProcess.emit (events.js:315:20)
    at ChildProcess.EventEmitter.emit (domain.js:467:12)
    at finish (internal/child_process.js:888:14)
    at processTicksAndRejections (internal/process/task_queues.js:75:11)

Error [ERR_IPC_DISCONNECTED]: IPC channel is already disconnected
    at ChildProcess.target.disconnect (internal/child_process.js:858:26)
    at QueryProcessWrapper.destroy (C:\Users\Ben\Desktop\pokemon-showdown\.lib-dist\process-manager.js:178:16)
    at QueryProcessWrapper.release (C:\Users\Ben\Desktop\pokemon-showdown\.lib-dist\process-manager.js:164:9)
    at QueryProcessManager.releaseCrashed (C:\Users\Ben\Desktop\pokemon-showdown\.lib-dist\process-manager.js:421:16)
    at ChildProcess.<anonymous> (C:\Users\Ben\Desktop\pokemon-showdown\.lib-dist\process-manager.js:468:48)
    at ChildProcess.emit (events.js:315:20)
    at ChildProcess.EventEmitter.emit (domain.js:467:12)
    at finish (internal/child_process.js:888:14)
    at processTicksAndRejections (internal/process/task_queues.js:75:11)

Error [ERR_IPC_DISCONNECTED]: IPC channel is already disconnected
    at ChildProcess.target.disconnect (internal/child_process.js:858:26)
    at QueryProcessWrapper.destroy (C:\Users\Ben\Desktop\pokemon-showdown\.lib-dist\process-manager.js:178:16)
    at QueryProcessWrapper.release (C:\Users\Ben\Desktop\pokemon-showdown\.lib-dist\process-manager.js:164:9)
    at QueryProcessManager.releaseCrashed (C:\Users\Ben\Desktop\pokemon-showdown\.lib-dist\process-manager.js:421:16)
    at ChildProcess.<anonymous> (C:\Users\Ben\Desktop\pokemon-showdown\.lib-dist\process-manager.js:468:48)
    at ChildProcess.emit (events.js:315:20)
    at ChildProcess.EventEmitter.emit (domain.js:467:12)
    at finish (internal/child_process.js:888:14)
    at processTicksAndRejections (internal/process/task_queues.js:75:11)

Error [ERR_IPC_DISCONNECTED]: IPC channel is already disconnected
    at ChildProcess.target.disconnect (internal/child_process.js:858:26)
    at QueryProcessWrapper.destroy (C:\Users\Ben\Desktop\pokemon-showdown\.lib-dist\process-manager.js:178:16)
    at QueryProcessWrapper.release (C:\Users\Ben\Desktop\pokemon-showdown\.lib-dist\process-manager.js:164:9)
    at QueryProcessManager.releaseCrashed (C:\Users\Ben\Desktop\pokemon-showdown\.lib-dist\process-manager.js:421:16)
    at ChildProcess.<anonymous> (C:\Users\Ben\Desktop\pokemon-showdown\.lib-dist\process-manager.js:468:48)
    at ChildProcess.emit (events.js:315:20)
    at ChildProcess.EventEmitter.emit (domain.js:467:12)
    at finish (internal/child_process.js:888:14)
    at processTicksAndRejections (internal/process/task_queues.js:75:11)

Error [ERR_IPC_DISCONNECTED]: IPC channel is already disconnected
    at ChildProcess.target.disconnect (internal/child_process.js:858:26)
    at QueryProcessWrapper.destroy (C:\Users\Ben\Desktop\pokemon-showdown\.lib-dist\process-manager.js:178:16)
    at QueryProcessWrapper.release (C:\Users\Ben\Desktop\pokemon-showdown\.lib-dist\process-manager.js:164:9)
    at QueryProcessManager.releaseCrashed (C:\Users\Ben\Desktop\pokemon-showdown\.lib-dist\process-manager.js:421:16)
    at ChildProcess.<anonymous> (C:\Users\Ben\Desktop\pokemon-showdown\.lib-dist\process-manager.js:468:48)
    at ChildProcess.emit (events.js:315:20)
    at ChildProcess.EventEmitter.emit (domain.js:467:12)
    at finish (internal/child_process.js:888:14)
    at processTicksAndRejections (internal/process/task_queues.js:75:11)

Error [ERR_IPC_DISCONNECTED]: IPC channel is already disconnected
    at ChildProcess.target.disconnect (internal/child_process.js:858:26)
    at QueryProcessWrapper.destroy (C:\Users\Ben\Desktop\pokemon-showdown\.lib-dist\process-manager.js:178:16)
    at QueryProcessWrapper.release (C:\Users\Ben\Desktop\pokemon-showdown\.lib-dist\process-manager.js:164:9)
    at QueryProcessManager.releaseCrashed (C:\Users\Ben\Desktop\pokemon-showdown\.lib-dist\process-manager.js:421:16)
    at ChildProcess.<anonymous> (C:\Users\Ben\Desktop\pokemon-showdown\.lib-dist\process-manager.js:468:48)
    at ChildProcess.emit (events.js:315:20)
    at ChildProcess.EventEmitter.emit (domain.js:467:12)
    at finish (internal/child_process.js:888:14)
    at processTicksAndRejections (internal/process/task_queues.js:75:11)

Error: Process sockets.js 15908 crashed and had to be restarted
    at RawProcessManager.releaseCrashed (C:\Users\Ben\Desktop\pokemon-showdown\.lib-dist\process-manager.js:437:4)
    at Worker.<anonymous> (C:\Users\Ben\Desktop\pokemon-showdown\.lib-dist\process-manager.js:468:48)
    at Worker.emit (events.js:315:20)
    at Worker.EventEmitter.emit (domain.js:467:12)
    at ChildProcess.<anonymous> (internal/cluster/master.js:220:12)
    at Object.onceWrapper (events.js:421:28)
    at ChildProcess.emit (events.js:315:20)
    at ChildProcess.EventEmitter.emit (domain.js:467:12)
    at finish (internal/child_process.js:888:14)
    at processTicksAndRejections (internal/process/task_queues.js:75:11)

Error [ERR_IPC_DISCONNECTED]: IPC channel is already disconnected
    at ChildProcess.target.disconnect (internal/child_process.js:858:26)
    at QueryProcessWrapper.destroy (C:\Users\Ben\Desktop\pokemon-showdown\.lib-dist\process-manager.js:178:16)
    at QueryProcessWrapper.release (C:\Users\Ben\Desktop\pokemon-showdown\.lib-dist\process-manager.js:164:9)
    at QueryProcessManager.releaseCrashed (C:\Users\Ben\Desktop\pokemon-showdown\.lib-dist\process-manager.js:421:16)
    at ChildProcess.<anonymous> (C:\Users\Ben\Desktop\pokemon-showdown\.lib-dist\process-manager.js:468:48)
    at ChildProcess.emit (events.js:315:20)
    at ChildProcess.EventEmitter.emit (domain.js:467:12)
    at finish (internal/child_process.js:888:14)
    at processTicksAndRejections (internal/process/task_queues.js:75:11)

Error [ERR_IPC_DISCONNECTED]: IPC channel is already disconnected
    at ChildProcess.target.disconnect (internal/child_process.js:858:26)
    at QueryProcessWrapper.destroy (C:\Users\Ben\Desktop\pokemon-showdown\.lib-dist\process-manager.js:178:16)
    at QueryProcessWrapper.release (C:\Users\Ben\Desktop\pokemon-showdown\.lib-dist\process-manager.js:164:9)
    at QueryProcessManager.releaseCrashed (C:\Users\Ben\Desktop\pokemon-showdown\.lib-dist\process-manager.js:421:16)
    at ChildProcess.<anonymous> (C:\Users\Ben\Desktop\pokemon-showdown\.lib-dist\process-manager.js:468:48)
    at ChildProcess.emit (events.js:315:20)
    at ChildProcess.EventEmitter.emit (domain.js:467:12)
    at finish (internal/child_process.js:888:14)
    at processTicksAndRejections (internal/process/task_queues.js:75:11)

Error: A query originating in chatlog.js took too long to complete; the process has been killed.
No debug information found.
    at Timeout._onTimeout (C:\Users\Ben\Desktop\pokemon-showdown\.lib-dist\process-manager.js:510:10)
    at listOnTimeout (internal/timers.js:554:17)
    at processTimers (internal/timers.js:497:7)

Error: Process chatlog.js 4300 crashed and had to be restarted
    at QueryProcessManager.releaseCrashed (C:\Users\Ben\Desktop\pokemon-showdown\.lib-dist\process-manager.js:437:4)
    at ChildProcess.<anonymous> (C:\Users\Ben\Desktop\pokemon-showdown\.lib-dist\process-manager.js:468:48)
    at ChildProcess.emit (events.js:315:20)
    at ChildProcess.EventEmitter.emit (domain.js:467:12)
    at finish (internal/child_process.js:888:14)
    at processTicksAndRejections (internal/process/task_queues.js:75:11)

Error: Rule "Endless Battle Clause" was added by "[Gen 8] Adventures 1v1" but already exists in "Standard NatDex"
    at ModdedDex.getRuleTable (C:\Users\Ben\Desktop\pokemon-showdown\.sim-dist\dex.js:860:11)
    at new TeamValidator (C:\Users\Ben\Desktop\pokemon-showdown\.sim-dist\team-validator.js:199:29)
    at Function.get (C:\Users\Ben\Desktop\pokemon-showdown\.sim-dist\team-validator.js:2110:10)
    at QueryProcessManager._query (C:\Users\Ben\Desktop\pokemon-showdown\.server-dist\team-validator-async.js:50:43)
    at process.<anonymous> (C:\Users\Ben\Desktop\pokemon-showdown\.lib-dist\process-manager.js:538:30)
    at process.emit (events.js:315:20)
    at process.EventEmitter.emit (domain.js:467:12)
    at emit (internal/child_process.js:903:12)
    at processTicksAndRejections (internal/process/task_queues.js:81:21)

Additional information:
  formatid = gen8adventures1v1
  team = Beheeyem||assaultvest|analytic|thunderbolt,psychic,psyshock,focusblast|Quiet|172,,140,108,88,||,0,,,,|||]Incineroar||choiceband|intimidate|flareblitz,knockoff,earthquake,closecombat|Adamant|220,140,148,,,|||||]Primeape||choicescarf|gorillatactics|closecombat,earthquake,outrage,poisonjab|Jolly|,252,,,4,252|||||


Error [ERR_IPC_DISCONNECTED]: IPC channel is already disconnected
    at ChildProcess.target.disconnect (internal/child_process.js:858:26)
    at StreamProcessWrapper.destroy (C:\Users\Ben\Desktop\pokemon-showdown\.lib-dist\process-manager.js:288:16)
    at StreamProcessWrapper.release (C:\Users\Ben\Desktop\pokemon-showdown\.lib-dist\process-manager.js:274:14)
    at StreamProcessManager.releaseCrashed (C:\Users\Ben\Desktop\pokemon-showdown\.lib-dist\process-manager.js:421:16)
    at ChildProcess.<anonymous> (C:\Users\Ben\Desktop\pokemon-showdown\.lib-dist\process-manager.js:468:48)
    at ChildProcess.emit (events.js:315:20)
    at ChildProcess.EventEmitter.emit (domain.js:467:12)
    at finish (internal/child_process.js:888:14)
    at processTicksAndRejections (internal/process/task_queues.js:75:11)

Error: write EPIPE
    at ChildProcess.target._send (internal/child_process.js:832:20)
    at ChildProcess.target.send (internal/child_process.js:703:19)
    at Worker.send (internal/cluster/worker.js:46:10)
    at RawSubprocessStream._write (C:\Users\Ben\Desktop\pokemon-showdown\.lib-dist\process-manager.js:92:24)
    at RawSubprocessStream.write (C:\Users\Ben\Desktop\pokemon-showdown\.lib-dist\streams.js:836:15)
    at Object.roomBroadcast (C:\Users\Ben\Desktop\pokemon-showdown\.server-dist\sockets.js:109:23)
    at BasicRoom.send (C:\Users\Ben\Desktop\pokemon-showdown\.server-dist\rooms.js:324:31)
    at BasicRoom.update (C:\Users\Ben\Desktop\pokemon-showdown\.server-dist\rooms.js:417:8)
    at C:\Users\Ben\Desktop\pokemon-showdown\.server-dist\rooms.js:1:613
    at C:\Users\Ben\Desktop\pokemon-showdown\.server-dist\rooms.js:1634:175

Error [ERR_IPC_DISCONNECTED]: IPC channel is already disconnected
    at ChildProcess.target.disconnect (internal/child_process.js:858:26)
    at QueryProcessWrapper.destroy (C:\Users\Ben\Desktop\pokemon-showdown\.lib-dist\process-manager.js:178:16)
    at QueryProcessWrapper.release (C:\Users\Ben\Desktop\pokemon-showdown\.lib-dist\process-manager.js:164:9)
    at QueryProcessManager.releaseCrashed (C:\Users\Ben\Desktop\pokemon-showdown\.lib-dist\process-manager.js:421:16)
    at ChildProcess.<anonymous> (C:\Users\Ben\Desktop\pokemon-showdown\.lib-dist\process-manager.js:468:48)
    at ChildProcess.emit (events.js:315:20)
    at ChildProcess.EventEmitter.emit (domain.js:467:12)
    at finish (internal/child_process.js:888:14)
    at processTicksAndRejections (internal/process/task_queues.js:75:11)

Error [ERR_IPC_DISCONNECTED]: IPC channel is already disconnected
    at ChildProcess.target.disconnect (internal/child_process.js:858:26)
    at QueryProcessWrapper.destroy (C:\Users\Ben\Desktop\pokemon-showdown\.lib-dist\process-manager.js:178:16)
    at QueryProcessWrapper.release (C:\Users\Ben\Desktop\pokemon-showdown\.lib-dist\process-manager.js:164:9)
    at QueryProcessManager.releaseCrashed (C:\Users\Ben\Desktop\pokemon-showdown\.lib-dist\process-manager.js:421:16)
    at ChildProcess.<anonymous> (C:\Users\Ben\Desktop\pokemon-showdown\.lib-dist\process-manager.js:468:48)
    at ChildProcess.emit (events.js:315:20)
    at ChildProcess.EventEmitter.emit (domain.js:467:12)
    at finish (internal/child_process.js:888:14)
    at processTicksAndRejections (internal/process/task_queues.js:75:11)

Error: Process sockets.js 10388 crashed and had to be restarted
    at RawProcessManager.releaseCrashed (C:\Users\Ben\Desktop\pokemon-showdown\.lib-dist\process-manager.js:437:4)
    at Worker.<anonymous> (C:\Users\Ben\Desktop\pokemon-showdown\.lib-dist\process-manager.js:468:48)
    at Worker.emit (events.js:315:20)
    at Worker.EventEmitter.emit (domain.js:467:12)
    at ChildProcess.<anonymous> (internal/cluster/master.js:220:12)
    at Object.onceWrapper (events.js:421:28)
    at ChildProcess.emit (events.js:315:20)
    at ChildProcess.EventEmitter.emit (domain.js:467:12)
    at finish (internal/child_process.js:888:14)
    at processTicksAndRejections (internal/process/task_queues.js:75:11)

Error [ERR_IPC_DISCONNECTED]: IPC channel is already disconnected
    at ChildProcess.target.disconnect (internal/child_process.js:858:26)
    at QueryProcessWrapper.destroy (C:\Users\Ben\Desktop\pokemon-showdown\.lib-dist\process-manager.js:178:16)
    at QueryProcessWrapper.release (C:\Users\Ben\Desktop\pokemon-showdown\.lib-dist\process-manager.js:164:9)
    at QueryProcessManager.releaseCrashed (C:\Users\Ben\Desktop\pokemon-showdown\.lib-dist\process-manager.js:421:16)
    at ChildProcess.<anonymous> (C:\Users\Ben\Desktop\pokemon-showdown\.lib-dist\process-manager.js:468:48)
    at ChildProcess.emit (events.js:315:20)
    at ChildProcess.EventEmitter.emit (domain.js:467:12)
    at finish (internal/child_process.js:888:14)
    at processTicksAndRejections (internal/process/task_queues.js:75:11)

Error [ERR_IPC_DISCONNECTED]: IPC channel is already disconnected
    at ChildProcess.target.disconnect (internal/child_process.js:858:26)
    at QueryProcessWrapper.destroy (C:\Users\Ben\Desktop\pokemon-showdown\.lib-dist\process-manager.js:178:16)
    at QueryProcessWrapper.release (C:\Users\Ben\Desktop\pokemon-showdown\.lib-dist\process-manager.js:164:9)
    at QueryProcessManager.releaseCrashed (C:\Users\Ben\Desktop\pokemon-showdown\.lib-dist\process-manager.js:421:16)
    at ChildProcess.<anonymous> (C:\Users\Ben\Desktop\pokemon-showdown\.lib-dist\process-manager.js:468:48)
    at ChildProcess.emit (events.js:315:20)
    at ChildProcess.EventEmitter.emit (domain.js:467:12)
    at finish (internal/child_process.js:888:14)
    at processTicksAndRejections (internal/process/task_queues.js:75:11)

Error [ERR_IPC_DISCONNECTED]: IPC channel is already disconnected
    at ChildProcess.target.disconnect (internal/child_process.js:858:26)
    at QueryProcessWrapper.destroy (C:\Users\Ben\Desktop\pokemon-showdown\.lib-dist\process-manager.js:178:16)
    at QueryProcessWrapper.release (C:\Users\Ben\Desktop\pokemon-showdown\.lib-dist\process-manager.js:164:9)
    at QueryProcessManager.releaseCrashed (C:\Users\Ben\Desktop\pokemon-showdown\.lib-dist\process-manager.js:421:16)
    at ChildProcess.<anonymous> (C:\Users\Ben\Desktop\pokemon-showdown\.lib-dist\process-manager.js:468:48)
    at ChildProcess.emit (events.js:315:20)
    at ChildProcess.EventEmitter.emit (domain.js:467:12)
    at finish (internal/child_process.js:888:14)
    at processTicksAndRejections (internal/process/task_queues.js:75:11)

Error [ERR_IPC_DISCONNECTED]: IPC channel is already disconnected
    at ChildProcess.target.disconnect (internal/child_process.js:858:26)
    at QueryProcessWrapper.destroy (C:\Users\Ben\Desktop\pokemon-showdown\.lib-dist\process-manager.js:178:16)
    at QueryProcessWrapper.release (C:\Users\Ben\Desktop\pokemon-showdown\.lib-dist\process-manager.js:164:9)
    at QueryProcessManager.releaseCrashed (C:\Users\Ben\Desktop\pokemon-showdown\.lib-dist\process-manager.js:421:16)
    at ChildProcess.<anonymous> (C:\Users\Ben\Desktop\pokemon-showdown\.lib-dist\process-manager.js:468:48)
    at ChildProcess.emit (events.js:315:20)
    at ChildProcess.EventEmitter.emit (domain.js:467:12)
    at finish (internal/child_process.js:888:14)
    at processTicksAndRejections (internal/process/task_queues.js:75:11)

TypeError: Cannot read property 'then' of null
    at RawProcessManager.releaseCrashed (C:\Users\Ben\Desktop\pokemon-showdown\.lib-dist\process-manager.js:421:25)
    at Worker.<anonymous> (C:\Users\Ben\Desktop\pokemon-showdown\.lib-dist\process-manager.js:468:48)
    at Worker.emit (events.js:315:20)
    at Worker.EventEmitter.emit (domain.js:467:12)
    at ChildProcess.<anonymous> (internal/cluster/master.js:220:12)
    at Object.onceWrapper (events.js:421:28)
    at ChildProcess.emit (events.js:315:20)
    at ChildProcess.EventEmitter.emit (domain.js:467:12)
    at finish (internal/child_process.js:888:14)
    at processTicksAndRejections (internal/process/task_queues.js:75:11)

Error: Unrecognized rule "[Gen 8] National Dex"
    at ModdedDex.validateRule (C:\Users\Ben\Desktop\pokemon-showdown\.sim-dist\dex.js:947:11)
    at ModdedDex.getRuleTable (C:\Users\Ben\Desktop\pokemon-showdown\.sim-dist\dex.js:821:26)
    at new TeamValidator (C:\Users\Ben\Desktop\pokemon-showdown\.sim-dist\team-validator.js:199:29)
    at Function.get (C:\Users\Ben\Desktop\pokemon-showdown\.sim-dist\team-validator.js:2110:10)
    at QueryProcessManager._query (C:\Users\Ben\Desktop\pokemon-showdown\.server-dist\team-validator-async.js:50:43)
    at process.<anonymous> (C:\Users\Ben\Desktop\pokemon-showdown\.lib-dist\process-manager.js:538:30)
    at process.emit (events.js:315:20)
    at process.EventEmitter.emit (domain.js:467:12)
    at emit (internal/child_process.js:903:12)
    at processTicksAndRejections (internal/process/task_queues.js:81:21)

Additional information:
  formatid = gen8adventuresuu
  team = Haxorus||razorclaw|moldbreaker|dragondance,earthquake,dragonhammer,irontail|Jolly|188,252,,,,68|||||]Gardevoir||focussash|mistysurge|quiverdance,psychic,moonblast,mysticalfire|Modest|,,,252,4,252|F|,0,,,,|S||]Bisharp||focussash|ironfist|suckerpunch,bulletpunch,poisonjab,swordsdance|Adamant|252,252,,,4,|M||||]Hariyama||choiceband|technician|stormthrow,rocktomb,bulldoze,bulletpunch|Adamant|252,252,,,4,|||||]Weavile||choiceband|pressure|iceshard,tripleaxel,knockoff,closecombat|Jolly|,252,,,4,252|||||]Mienshao||lifeorb|regenerator|closecombat,uturn,poisonjab,knockoff|Jolly|,252,,,4,252|||||


Error: Unrecognized rule "[Gen 8] National Dex"
    at ModdedDex.validateRule (C:\Users\Ben\Desktop\pokemon-showdown\.sim-dist\dex.js:947:11)
    at ModdedDex.getRuleTable (C:\Users\Ben\Desktop\pokemon-showdown\.sim-dist\dex.js:821:26)
    at new TeamValidator (C:\Users\Ben\Desktop\pokemon-showdown\.sim-dist\team-validator.js:199:29)
    at Function.get (C:\Users\Ben\Desktop\pokemon-showdown\.sim-dist\team-validator.js:2110:10)
    at QueryProcessManager._query (C:\Users\Ben\Desktop\pokemon-showdown\.server-dist\team-validator-async.js:50:43)
    at process.<anonymous> (C:\Users\Ben\Desktop\pokemon-showdown\.lib-dist\process-manager.js:538:30)
    at process.emit (events.js:315:20)
    at process.EventEmitter.emit (domain.js:467:12)
    at emit (internal/child_process.js:903:12)
    at processTicksAndRejections (internal/process/task_queues.js:81:21)

Additional information:
  formatid = gen8adventuresuu
  team = Haxorus||razorclaw|moldbreaker|dragondance,earthquake,dragonhammer,irontail|Jolly|188,252,,,,68|||||]Gardevoir||focussash|mistysurge|quiverdance,psychic,moonblast,mysticalfire|Modest|,,,252,4,252|F|,0,,,,|S||]Bisharp||focussash|ironfist|suckerpunch,bulletpunch,poisonjab,swordsdance|Adamant|252,252,,,4,|M||||]Hariyama||choiceband|technician|stormthrow,rocktomb,bulldoze,bulletpunch|Adamant|252,252,,,4,|||||]Weavile||choiceband|pressure|iceshard,tripleaxel,knockoff,closecombat|Jolly|,252,,,4,252|||||]Mienshao||lifeorb|regenerator|closecombat,uturn,poisonjab,knockoff|Jolly|,252,,,4,252|||||


Error: Unrecognized rule "[Gen 8] National Dex"
    at ModdedDex.validateRule (C:\Users\Ben\Desktop\pokemon-showdown\.sim-dist\dex.js:947:11)
    at ModdedDex.getRuleTable (C:\Users\Ben\Desktop\pokemon-showdown\.sim-dist\dex.js:821:26)
    at new TeamValidator (C:\Users\Ben\Desktop\pokemon-showdown\.sim-dist\team-validator.js:199:29)
    at Function.get (C:\Users\Ben\Desktop\pokemon-showdown\.sim-dist\team-validator.js:2110:10)
    at QueryProcessManager._query (C:\Users\Ben\Desktop\pokemon-showdown\.server-dist\team-validator-async.js:50:43)
    at process.<anonymous> (C:\Users\Ben\Desktop\pokemon-showdown\.lib-dist\process-manager.js:538:30)
    at process.emit (events.js:315:20)
    at process.EventEmitter.emit (domain.js:467:12)
    at emit (internal/child_process.js:903:12)
    at processTicksAndRejections (internal/process/task_queues.js:81:21)

Additional information:
  formatid = gen8adventuresuu
  team = Haxorus||razorclaw|moldbreaker|dragondance,earthquake,dragonhammer,irontail|Jolly|188,252,,,,68|||||]Gardevoir||focussash|mistysurge|quiverdance,psychic,moonblast,mysticalfire|Modest|,,,252,4,252|F|,0,,,,|S||]Bisharp||focussash|ironfist|suckerpunch,bulletpunch,poisonjab,swordsdance|Adamant|252,252,,,4,|M||||]Hariyama||choiceband|technician|stormthrow,rocktomb,bulldoze,bulletpunch|Adamant|252,252,,,4,|||||]Weavile||choiceband|pressure|iceshard,tripleaxel,knockoff,closecombat|Jolly|,252,,,4,252|||||]Mienshao||lifeorb|regenerator|closecombat,uturn,poisonjab,knockoff|Jolly|,252,,,4,252|||||


Error [ERR_IPC_DISCONNECTED]: IPC channel is already disconnected
    at ChildProcess.target.disconnect (internal/child_process.js:858:26)
    at QueryProcessWrapper.destroy (C:\Users\pacoc\Documents\GitHub\pokemon-showdown\.lib-dist\process-manager.js:185:16)
    at QueryProcessWrapper.release (C:\Users\pacoc\Documents\GitHub\pokemon-showdown\.lib-dist\process-manager.js:171:9)
    at QueryProcessManager.releaseCrashed (C:\Users\pacoc\Documents\GitHub\pokemon-showdown\.lib-dist\process-manager.js:438:16)
    at ChildProcess.<anonymous> (C:\Users\pacoc\Documents\GitHub\pokemon-showdown\.lib-dist\process-manager.js:495:47)
    at ChildProcess.emit (events.js:315:20)
    at ChildProcess.EventEmitter.emit (domain.js:467:12)
    at finish (internal/child_process.js:888:14)
    at processTicksAndRejections (internal/process/task_queues.js:75:11)

TypeError: Cannot read property 'then' of null
    at RawProcessManager.releaseCrashed (C:\Users\pacoc\Documents\GitHub\pokemon-showdown\.lib-dist\process-manager.js:438:25)
    at Worker.<anonymous> (C:\Users\pacoc\Documents\GitHub\pokemon-showdown\.lib-dist\process-manager.js:495:47)
    at Worker.emit (events.js:315:20)
    at Worker.EventEmitter.emit (domain.js:467:12)
    at ChildProcess.<anonymous> (internal/cluster/master.js:220:12)
    at Object.onceWrapper (events.js:421:28)
    at ChildProcess.emit (events.js:315:20)
    at ChildProcess.EventEmitter.emit (domain.js:467:12)
    at finish (internal/child_process.js:888:14)
    at processTicksAndRejections (internal/process/task_queues.js:75:11)
